stm32f446xx_spi_driver.c:17:14:spi_txe_interrupt_handle	16	static
stm32f446xx_spi_driver.c:43:14:spi_rxne_interrupt_handle	16	static
stm32f446xx_spi_driver.c:70:14:spi_ovr_err_interrupt_handle	24	static
stm32f446xx_spi_driver.c:93:6:SPI_PeriClockControl	16	static
stm32f446xx_spi_driver.c:130:7:SPI_Init	24	static
stm32f446xx_spi_driver.c:177:6:SPI_DeInit	16	static
stm32f446xx_spi_driver.c:201:6:SPI_TransmitData	24	static
stm32f446xx_spi_driver.c:232:6:SPI_ReceiveData	24	static
stm32f446xx_spi_driver.c:263:9:SPI_TransmitDataIT	32	static
stm32f446xx_spi_driver.c:288:9:SPI_ReceiveDataIT	32	static
stm32f446xx_spi_driver.c:316:6:SPI_IRQInterruptConfig	16	static
stm32f446xx_spi_driver.c:348:6:SPI_IRQPriorityConfig	24	static
stm32f446xx_spi_driver.c:363:6:SPI_IRQHandling	24	static
stm32f446xx_spi_driver.c:405:6:SPI_PeripheralControl	16	static
stm32f446xx_spi_driver.c:422:6:SPI_SSIConfig	16	static
stm32f446xx_spi_driver.c:440:6:SPI_SSOEConfig	16	static
stm32f446xx_spi_driver.c:456:6:SPI_ClearOVRFlag	24	static
stm32f446xx_spi_driver.c:470:6:SPI_CloseTransmisson	16	static
stm32f446xx_spi_driver.c:484:6:SPI_CloseReception	16	static
stm32f446xx_spi_driver.c:499:9:SPI_GetFlagStatus	16	static
stm32f446xx_spi_driver.c:512:13:SPI_ApplicationEventCallback	16	static
