Archive member included to satisfy reference by file (symbol)

c:/st/stm32cubeide_1.1.0/stm32cubeide/plugins/com.st.stm32cube.ide.mcu.externaltools.gnu-tools-for-stm32.7-2018-q2-update.win32_1.0.0.201904181610/tools/bin/../lib/gcc/arm-none-eabi/7.3.1/../../../../arm-none-eabi/lib/thumb/v7e-m\libc_nano.a(lib_a-exit.o)
                              c:/st/stm32cubeide_1.1.0/stm32cubeide/plugins/com.st.stm32cube.ide.mcu.externaltools.gnu-tools-for-stm32.7-2018-q2-update.win32_1.0.0.201904181610/tools/bin/../lib/gcc/arm-none-eabi/7.3.1/../../../../arm-none-eabi/lib/thumb/v7e-m/crt0.o (exit)
c:/st/stm32cubeide_1.1.0/stm32cubeide/plugins/com.st.stm32cube.ide.mcu.externaltools.gnu-tools-for-stm32.7-2018-q2-update.win32_1.0.0.201904181610/tools/bin/../lib/gcc/arm-none-eabi/7.3.1/../../../../arm-none-eabi/lib/thumb/v7e-m\libc_nano.a(lib_a-impure.o)
                              c:/st/stm32cubeide_1.1.0/stm32cubeide/plugins/com.st.stm32cube.ide.mcu.externaltools.gnu-tools-for-stm32.7-2018-q2-update.win32_1.0.0.201904181610/tools/bin/../lib/gcc/arm-none-eabi/7.3.1/../../../../arm-none-eabi/lib/thumb/v7e-m\libc_nano.a(lib_a-exit.o) (_global_impure_ptr)
c:/st/stm32cubeide_1.1.0/stm32cubeide/plugins/com.st.stm32cube.ide.mcu.externaltools.gnu-tools-for-stm32.7-2018-q2-update.win32_1.0.0.201904181610/tools/bin/../lib/gcc/arm-none-eabi/7.3.1/../../../../arm-none-eabi/lib/thumb/v7e-m\libc_nano.a(lib_a-init.o)
                              c:/st/stm32cubeide_1.1.0/stm32cubeide/plugins/com.st.stm32cube.ide.mcu.externaltools.gnu-tools-for-stm32.7-2018-q2-update.win32_1.0.0.201904181610/tools/bin/../lib/gcc/arm-none-eabi/7.3.1/../../../../arm-none-eabi/lib/thumb/v7e-m/crt0.o (__libc_init_array)
c:/st/stm32cubeide_1.1.0/stm32cubeide/plugins/com.st.stm32cube.ide.mcu.externaltools.gnu-tools-for-stm32.7-2018-q2-update.win32_1.0.0.201904181610/tools/bin/../lib/gcc/arm-none-eabi/7.3.1/../../../../arm-none-eabi/lib/thumb/v7e-m\libc_nano.a(lib_a-memset.o)
                              c:/st/stm32cubeide_1.1.0/stm32cubeide/plugins/com.st.stm32cube.ide.mcu.externaltools.gnu-tools-for-stm32.7-2018-q2-update.win32_1.0.0.201904181610/tools/bin/../lib/gcc/arm-none-eabi/7.3.1/../../../../arm-none-eabi/lib/thumb/v7e-m/crt0.o (memset)
c:/st/stm32cubeide_1.1.0/stm32cubeide/plugins/com.st.stm32cube.ide.mcu.externaltools.gnu-tools-for-stm32.7-2018-q2-update.win32_1.0.0.201904181610/tools/bin/../lib/gcc/arm-none-eabi/7.3.1/../../../../arm-none-eabi/lib/thumb/v7e-m\libc_nano.a(lib_a-strlen.o)
                              Src/usartTransmitterToArduinoSlave.o (strlen)
c:/st/stm32cubeide_1.1.0/stm32cubeide/plugins/com.st.stm32cube.ide.mcu.externaltools.gnu-tools-for-stm32.7-2018-q2-update.win32_1.0.0.201904181610/tools/bin/../lib/gcc/arm-none-eabi/7.3.1/../../../../arm-none-eabi/lib/thumb/v7e-m\libnosys.a(_exit.o)
                              c:/st/stm32cubeide_1.1.0/stm32cubeide/plugins/com.st.stm32cube.ide.mcu.externaltools.gnu-tools-for-stm32.7-2018-q2-update.win32_1.0.0.201904181610/tools/bin/../lib/gcc/arm-none-eabi/7.3.1/../../../../arm-none-eabi/lib/thumb/v7e-m\libc_nano.a(lib_a-exit.o) (_exit)

Allocating common symbols
Common symbol       size              file

USART2Handle        0x24              Src/usartTransmitterToArduinoSlave.o

Discarded input sections

 .text          0x0000000000000000        0x0 c:/st/stm32cubeide_1.1.0/stm32cubeide/plugins/com.st.stm32cube.ide.mcu.externaltools.gnu-tools-for-stm32.7-2018-q2-update.win32_1.0.0.201904181610/tools/bin/../lib/gcc/arm-none-eabi/7.3.1/thumb/v7e-m/crti.o
 .data          0x0000000000000000        0x0 c:/st/stm32cubeide_1.1.0/stm32cubeide/plugins/com.st.stm32cube.ide.mcu.externaltools.gnu-tools-for-stm32.7-2018-q2-update.win32_1.0.0.201904181610/tools/bin/../lib/gcc/arm-none-eabi/7.3.1/thumb/v7e-m/crti.o
 .bss           0x0000000000000000        0x0 c:/st/stm32cubeide_1.1.0/stm32cubeide/plugins/com.st.stm32cube.ide.mcu.externaltools.gnu-tools-for-stm32.7-2018-q2-update.win32_1.0.0.201904181610/tools/bin/../lib/gcc/arm-none-eabi/7.3.1/thumb/v7e-m/crti.o
 .data          0x0000000000000000        0x4 c:/st/stm32cubeide_1.1.0/stm32cubeide/plugins/com.st.stm32cube.ide.mcu.externaltools.gnu-tools-for-stm32.7-2018-q2-update.win32_1.0.0.201904181610/tools/bin/../lib/gcc/arm-none-eabi/7.3.1/thumb/v7e-m/crtbegin.o
 .text          0x0000000000000000       0x74 c:/st/stm32cubeide_1.1.0/stm32cubeide/plugins/com.st.stm32cube.ide.mcu.externaltools.gnu-tools-for-stm32.7-2018-q2-update.win32_1.0.0.201904181610/tools/bin/../lib/gcc/arm-none-eabi/7.3.1/../../../../arm-none-eabi/lib/thumb/v7e-m/crt0.o
 .data          0x0000000000000000        0x0 c:/st/stm32cubeide_1.1.0/stm32cubeide/plugins/com.st.stm32cube.ide.mcu.externaltools.gnu-tools-for-stm32.7-2018-q2-update.win32_1.0.0.201904181610/tools/bin/../lib/gcc/arm-none-eabi/7.3.1/../../../../arm-none-eabi/lib/thumb/v7e-m/crt0.o
 .bss           0x0000000000000000        0x0 c:/st/stm32cubeide_1.1.0/stm32cubeide/plugins/com.st.stm32cube.ide.mcu.externaltools.gnu-tools-for-stm32.7-2018-q2-update.win32_1.0.0.201904181610/tools/bin/../lib/gcc/arm-none-eabi/7.3.1/../../../../arm-none-eabi/lib/thumb/v7e-m/crt0.o
 .ARM.extab     0x0000000000000000        0x0 c:/st/stm32cubeide_1.1.0/stm32cubeide/plugins/com.st.stm32cube.ide.mcu.externaltools.gnu-tools-for-stm32.7-2018-q2-update.win32_1.0.0.201904181610/tools/bin/../lib/gcc/arm-none-eabi/7.3.1/../../../../arm-none-eabi/lib/thumb/v7e-m/crt0.o
 .ARM.exidx     0x0000000000000000        0x8 c:/st/stm32cubeide_1.1.0/stm32cubeide/plugins/com.st.stm32cube.ide.mcu.externaltools.gnu-tools-for-stm32.7-2018-q2-update.win32_1.0.0.201904181610/tools/bin/../lib/gcc/arm-none-eabi/7.3.1/../../../../arm-none-eabi/lib/thumb/v7e-m/crt0.o
 .ARM.attributes
                0x0000000000000000       0x1c c:/st/stm32cubeide_1.1.0/stm32cubeide/plugins/com.st.stm32cube.ide.mcu.externaltools.gnu-tools-for-stm32.7-2018-q2-update.win32_1.0.0.201904181610/tools/bin/../lib/gcc/arm-none-eabi/7.3.1/../../../../arm-none-eabi/lib/thumb/v7e-m/crt0.o
 .group         0x0000000000000000        0xc Src/usartTransmitterToArduinoSlave.o
 .group         0x0000000000000000        0xc Src/usartTransmitterToArduinoSlave.o
 .group         0x0000000000000000        0xc Src/usartTransmitterToArduinoSlave.o
 .group         0x0000000000000000        0xc Src/usartTransmitterToArduinoSlave.o
 .group         0x0000000000000000        0xc Src/usartTransmitterToArduinoSlave.o
 .group         0x0000000000000000        0xc Src/usartTransmitterToArduinoSlave.o
 .group         0x0000000000000000        0xc Src/usartTransmitterToArduinoSlave.o
 .group         0x0000000000000000        0xc Src/usartTransmitterToArduinoSlave.o
 .group         0x0000000000000000        0xc Src/usartTransmitterToArduinoSlave.o
 .group         0x0000000000000000        0xc Src/usartTransmitterToArduinoSlave.o
 .group         0x0000000000000000        0xc Src/usartTransmitterToArduinoSlave.o
 .group         0x0000000000000000        0xc Src/usartTransmitterToArduinoSlave.o
 .group         0x0000000000000000        0xc Src/usartTransmitterToArduinoSlave.o
 .group         0x0000000000000000        0xc Src/usartTransmitterToArduinoSlave.o
 .group         0x0000000000000000        0xc Src/usartTransmitterToArduinoSlave.o
 .group         0x0000000000000000        0xc Src/usartTransmitterToArduinoSlave.o
 .group         0x0000000000000000        0xc Src/usartTransmitterToArduinoSlave.o
 .group         0x0000000000000000        0xc Src/usartTransmitterToArduinoSlave.o
 .group         0x0000000000000000        0xc Src/usartTransmitterToArduinoSlave.o
 .group         0x0000000000000000        0xc Src/usartTransmitterToArduinoSlave.o
 .group         0x0000000000000000        0xc Src/usartTransmitterToArduinoSlave.o
 .group         0x0000000000000000        0xc Src/usartTransmitterToArduinoSlave.o
 .group         0x0000000000000000        0xc Src/usartTransmitterToArduinoSlave.o
 .group         0x0000000000000000        0xc Src/usartTransmitterToArduinoSlave.o
 .group         0x0000000000000000        0xc Src/usartTransmitterToArduinoSlave.o
 .group         0x0000000000000000        0xc Src/usartTransmitterToArduinoSlave.o
 .group         0x0000000000000000        0xc Src/usartTransmitterToArduinoSlave.o
 .group         0x0000000000000000        0xc Src/usartTransmitterToArduinoSlave.o
 .group         0x0000000000000000        0xc Src/usartTransmitterToArduinoSlave.o
 .group         0x0000000000000000        0xc Src/usartTransmitterToArduinoSlave.o
 .group         0x0000000000000000        0xc Src/usartTransmitterToArduinoSlave.o
 .group         0x0000000000000000        0xc Src/usartTransmitterToArduinoSlave.o
 .group         0x0000000000000000        0xc Src/usartTransmitterToArduinoSlave.o
 .group         0x0000000000000000        0xc Src/usartTransmitterToArduinoSlave.o
 .group         0x0000000000000000        0xc Src/usartTransmitterToArduinoSlave.o
 .group         0x0000000000000000        0xc Src/usartTransmitterToArduinoSlave.o
 .group         0x0000000000000000        0xc Src/usartTransmitterToArduinoSlave.o
 .text          0x0000000000000000        0x0 Src/usartTransmitterToArduinoSlave.o
 .data          0x0000000000000000        0x0 Src/usartTransmitterToArduinoSlave.o
 .bss           0x0000000000000000        0x0 Src/usartTransmitterToArduinoSlave.o
 .text          0x0000000000000000       0x14 Startup/startup_stm32f446retx.o
 .data          0x0000000000000000        0x0 Startup/startup_stm32f446retx.o
 .bss           0x0000000000000000        0x0 Startup/startup_stm32f446retx.o
 .group         0x0000000000000000        0xc drivers/Src/stm32f446xx_gpio_driver.o
 .group         0x0000000000000000        0xc drivers/Src/stm32f446xx_gpio_driver.o
 .group         0x0000000000000000        0xc drivers/Src/stm32f446xx_gpio_driver.o
 .group         0x0000000000000000        0xc drivers/Src/stm32f446xx_gpio_driver.o
 .group         0x0000000000000000        0xc drivers/Src/stm32f446xx_gpio_driver.o
 .group         0x0000000000000000        0xc drivers/Src/stm32f446xx_gpio_driver.o
 .group         0x0000000000000000        0xc drivers/Src/stm32f446xx_gpio_driver.o
 .group         0x0000000000000000        0xc drivers/Src/stm32f446xx_gpio_driver.o
 .group         0x0000000000000000        0xc drivers/Src/stm32f446xx_gpio_driver.o
 .group         0x0000000000000000        0xc drivers/Src/stm32f446xx_gpio_driver.o
 .group         0x0000000000000000        0xc drivers/Src/stm32f446xx_gpio_driver.o
 .group         0x0000000000000000        0xc drivers/Src/stm32f446xx_gpio_driver.o
 .group         0x0000000000000000        0xc drivers/Src/stm32f446xx_gpio_driver.o
 .group         0x0000000000000000        0xc drivers/Src/stm32f446xx_gpio_driver.o
 .group         0x0000000000000000        0xc drivers/Src/stm32f446xx_gpio_driver.o
 .group         0x0000000000000000        0xc drivers/Src/stm32f446xx_gpio_driver.o
 .group         0x0000000000000000        0xc drivers/Src/stm32f446xx_gpio_driver.o
 .group         0x0000000000000000        0xc drivers/Src/stm32f446xx_gpio_driver.o
 .group         0x0000000000000000        0xc drivers/Src/stm32f446xx_gpio_driver.o
 .group         0x0000000000000000        0xc drivers/Src/stm32f446xx_gpio_driver.o
 .group         0x0000000000000000        0xc drivers/Src/stm32f446xx_gpio_driver.o
 .group         0x0000000000000000        0xc drivers/Src/stm32f446xx_gpio_driver.o
 .group         0x0000000000000000        0xc drivers/Src/stm32f446xx_gpio_driver.o
 .group         0x0000000000000000        0xc drivers/Src/stm32f446xx_gpio_driver.o
 .group         0x0000000000000000        0xc drivers/Src/stm32f446xx_gpio_driver.o
 .group         0x0000000000000000        0xc drivers/Src/stm32f446xx_gpio_driver.o
 .group         0x0000000000000000        0xc drivers/Src/stm32f446xx_gpio_driver.o
 .group         0x0000000000000000        0xc drivers/Src/stm32f446xx_gpio_driver.o
 .group         0x0000000000000000        0xc drivers/Src/stm32f446xx_gpio_driver.o
 .group         0x0000000000000000        0xc drivers/Src/stm32f446xx_gpio_driver.o
 .group         0x0000000000000000        0xc drivers/Src/stm32f446xx_gpio_driver.o
 .group         0x0000000000000000        0xc drivers/Src/stm32f446xx_gpio_driver.o
 .group         0x0000000000000000        0xc drivers/Src/stm32f446xx_gpio_driver.o
 .group         0x0000000000000000        0xc drivers/Src/stm32f446xx_gpio_driver.o
 .text          0x0000000000000000        0x0 drivers/Src/stm32f446xx_gpio_driver.o
 .data          0x0000000000000000        0x0 drivers/Src/stm32f446xx_gpio_driver.o
 .bss           0x0000000000000000        0x0 drivers/Src/stm32f446xx_gpio_driver.o
 .text.GPIO_DeInit
                0x0000000000000000       0xac drivers/Src/stm32f446xx_gpio_driver.o
 .text.GPIO_ReadFromInputPort
                0x0000000000000000       0x1a drivers/Src/stm32f446xx_gpio_driver.o
 .text.GPIO_WriteToOutputPin
                0x0000000000000000       0x48 drivers/Src/stm32f446xx_gpio_driver.o
 .text.GPIO_WriteToOutputPort
                0x0000000000000000       0x1c drivers/Src/stm32f446xx_gpio_driver.o
 .text.GPIO_ToggleOutputPin
                0x0000000000000000       0x28 drivers/Src/stm32f446xx_gpio_driver.o
 .text.GPIO_IRQInterruptConfig
                0x0000000000000000      0x108 drivers/Src/stm32f446xx_gpio_driver.o
 .text.GPIO_IRQPriorityConfig
                0x0000000000000000       0x44 drivers/Src/stm32f446xx_gpio_driver.o
 .text.GPIO_ISRHandling
                0x0000000000000000       0x40 drivers/Src/stm32f446xx_gpio_driver.o
 .debug_macro   0x0000000000000000      0xa48 drivers/Src/stm32f446xx_gpio_driver.o
 .debug_macro   0x0000000000000000       0x22 drivers/Src/stm32f446xx_gpio_driver.o
 .debug_macro   0x0000000000000000       0xef drivers/Src/stm32f446xx_gpio_driver.o
 .debug_macro   0x0000000000000000       0x6a drivers/Src/stm32f446xx_gpio_driver.o
 .debug_macro   0x0000000000000000      0x1df drivers/Src/stm32f446xx_gpio_driver.o
 .debug_macro   0x0000000000000000      0x174 drivers/Src/stm32f446xx_gpio_driver.o
 .debug_macro   0x0000000000000000       0x18 drivers/Src/stm32f446xx_gpio_driver.o
 .debug_macro   0x0000000000000000       0x3c drivers/Src/stm32f446xx_gpio_driver.o
 .debug_macro   0x0000000000000000       0x34 drivers/Src/stm32f446xx_gpio_driver.o
 .debug_macro   0x0000000000000000       0x35 drivers/Src/stm32f446xx_gpio_driver.o
 .debug_macro   0x0000000000000000      0x330 drivers/Src/stm32f446xx_gpio_driver.o
 .debug_macro   0x0000000000000000       0x10 drivers/Src/stm32f446xx_gpio_driver.o
 .debug_macro   0x0000000000000000       0x52 drivers/Src/stm32f446xx_gpio_driver.o
 .debug_macro   0x0000000000000000       0x1f drivers/Src/stm32f446xx_gpio_driver.o
 .debug_macro   0x0000000000000000       0x43 drivers/Src/stm32f446xx_gpio_driver.o
 .debug_macro   0x0000000000000000       0x20 drivers/Src/stm32f446xx_gpio_driver.o
 .debug_macro   0x0000000000000000      0x1a3 drivers/Src/stm32f446xx_gpio_driver.o
 .debug_macro   0x0000000000000000       0x10 drivers/Src/stm32f446xx_gpio_driver.o
 .debug_macro   0x0000000000000000       0x1c drivers/Src/stm32f446xx_gpio_driver.o
 .debug_macro   0x0000000000000000       0x52 drivers/Src/stm32f446xx_gpio_driver.o
 .debug_macro   0x0000000000000000       0x40 drivers/Src/stm32f446xx_gpio_driver.o
 .debug_macro   0x0000000000000000       0x10 drivers/Src/stm32f446xx_gpio_driver.o
 .debug_macro   0x0000000000000000       0x40 drivers/Src/stm32f446xx_gpio_driver.o
 .debug_macro   0x0000000000000000       0xd7 drivers/Src/stm32f446xx_gpio_driver.o
 .debug_macro   0x0000000000000000       0x1c drivers/Src/stm32f446xx_gpio_driver.o
 .debug_macro   0x0000000000000000       0x3d drivers/Src/stm32f446xx_gpio_driver.o
 .debug_macro   0x0000000000000000       0x16 drivers/Src/stm32f446xx_gpio_driver.o
 .debug_macro   0x0000000000000000      0x145 drivers/Src/stm32f446xx_gpio_driver.o
 .debug_macro   0x0000000000000000      0x46d drivers/Src/stm32f446xx_gpio_driver.o
 .group         0x0000000000000000        0xc drivers/Src/stm32f446xx_i2c_driver.o
 .group         0x0000000000000000        0xc drivers/Src/stm32f446xx_i2c_driver.o
 .group         0x0000000000000000        0xc drivers/Src/stm32f446xx_i2c_driver.o
 .group         0x0000000000000000        0xc drivers/Src/stm32f446xx_i2c_driver.o
 .group         0x0000000000000000        0xc drivers/Src/stm32f446xx_i2c_driver.o
 .group         0x0000000000000000        0xc drivers/Src/stm32f446xx_i2c_driver.o
 .group         0x0000000000000000        0xc drivers/Src/stm32f446xx_i2c_driver.o
 .group         0x0000000000000000        0xc drivers/Src/stm32f446xx_i2c_driver.o
 .group         0x0000000000000000        0xc drivers/Src/stm32f446xx_i2c_driver.o
 .group         0x0000000000000000        0xc drivers/Src/stm32f446xx_i2c_driver.o
 .group         0x0000000000000000        0xc drivers/Src/stm32f446xx_i2c_driver.o
 .group         0x0000000000000000        0xc drivers/Src/stm32f446xx_i2c_driver.o
 .group         0x0000000000000000        0xc drivers/Src/stm32f446xx_i2c_driver.o
 .group         0x0000000000000000        0xc drivers/Src/stm32f446xx_i2c_driver.o
 .group         0x0000000000000000        0xc drivers/Src/stm32f446xx_i2c_driver.o
 .group         0x0000000000000000        0xc drivers/Src/stm32f446xx_i2c_driver.o
 .group         0x0000000000000000        0xc drivers/Src/stm32f446xx_i2c_driver.o
 .group         0x0000000000000000        0xc drivers/Src/stm32f446xx_i2c_driver.o
 .group         0x0000000000000000        0xc drivers/Src/stm32f446xx_i2c_driver.o
 .group         0x0000000000000000        0xc drivers/Src/stm32f446xx_i2c_driver.o
 .group         0x0000000000000000        0xc drivers/Src/stm32f446xx_i2c_driver.o
 .group         0x0000000000000000        0xc drivers/Src/stm32f446xx_i2c_driver.o
 .group         0x0000000000000000        0xc drivers/Src/stm32f446xx_i2c_driver.o
 .group         0x0000000000000000        0xc drivers/Src/stm32f446xx_i2c_driver.o
 .group         0x0000000000000000        0xc drivers/Src/stm32f446xx_i2c_driver.o
 .group         0x0000000000000000        0xc drivers/Src/stm32f446xx_i2c_driver.o
 .group         0x0000000000000000        0xc drivers/Src/stm32f446xx_i2c_driver.o
 .group         0x0000000000000000        0xc drivers/Src/stm32f446xx_i2c_driver.o
 .group         0x0000000000000000        0xc drivers/Src/stm32f446xx_i2c_driver.o
 .group         0x0000000000000000        0xc drivers/Src/stm32f446xx_i2c_driver.o
 .group         0x0000000000000000        0xc drivers/Src/stm32f446xx_i2c_driver.o
 .group         0x0000000000000000        0xc drivers/Src/stm32f446xx_i2c_driver.o
 .group         0x0000000000000000        0xc drivers/Src/stm32f446xx_i2c_driver.o
 .group         0x0000000000000000        0xc drivers/Src/stm32f446xx_i2c_driver.o
 .text          0x0000000000000000        0x0 drivers/Src/stm32f446xx_i2c_driver.o
 .data          0x0000000000000000        0x0 drivers/Src/stm32f446xx_i2c_driver.o
 .bss           0x0000000000000000        0x0 drivers/Src/stm32f446xx_i2c_driver.o
 .text.I2C_GenerateStartCondition
                0x0000000000000000       0x1e drivers/Src/stm32f446xx_i2c_driver.o
 .text.I2C_ExecuteAddressPhaseWrite
                0x0000000000000000       0x2a drivers/Src/stm32f446xx_i2c_driver.o
 .text.I2C_ExecuteAddressPhaseRead
                0x0000000000000000       0x2a drivers/Src/stm32f446xx_i2c_driver.o
 .text.I2C_ClearADDRFlag
                0x0000000000000000       0x6e drivers/Src/stm32f446xx_i2c_driver.o
 .text.I2C_MasterHandleTXEInterrupt
                0x0000000000000000       0x3a drivers/Src/stm32f446xx_i2c_driver.o
 .text.I2C_MasterHandleRXNEInterrupt
                0x0000000000000000       0x98 drivers/Src/stm32f446xx_i2c_driver.o
 .text.I2C_PeriClockControl
                0x0000000000000000       0xb0 drivers/Src/stm32f446xx_i2c_driver.o
 .text.I2C_Init
                0x0000000000000000      0x168 drivers/Src/stm32f446xx_i2c_driver.o
 .text.I2C_DeInit
                0x0000000000000000       0x88 drivers/Src/stm32f446xx_i2c_driver.o
 .text.I2C_MasterSendData
                0x0000000000000000       0xc6 drivers/Src/stm32f446xx_i2c_driver.o
 .text.I2C_MasterReceiveData
                0x0000000000000000      0x11c drivers/Src/stm32f446xx_i2c_driver.o
 .text.I2C_SlaveSendData
                0x0000000000000000       0x1c drivers/Src/stm32f446xx_i2c_driver.o
 .text.I2C_SlaveReceiveData
                0x0000000000000000       0x18 drivers/Src/stm32f446xx_i2c_driver.o
 .text.I2C_MasterSendDataIT
                0x0000000000000000       0x86 drivers/Src/stm32f446xx_i2c_driver.o
 .text.I2C_MasterReceiveDataIT
                0x0000000000000000       0x8c drivers/Src/stm32f446xx_i2c_driver.o
 .text.I2C_IRQInterruptConfig
                0x0000000000000000      0x108 drivers/Src/stm32f446xx_i2c_driver.o
 .text.I2C_IRQPriorityConfig
                0x0000000000000000       0x44 drivers/Src/stm32f446xx_i2c_driver.o
 .text.I2C_EV_IRQHandling
                0x0000000000000000      0x1b8 drivers/Src/stm32f446xx_i2c_driver.o
 .text.I2C_ER_IRQHandling
                0x0000000000000000      0x10c drivers/Src/stm32f446xx_i2c_driver.o
 .text.I2C_PeripheralControl
                0x0000000000000000       0x36 drivers/Src/stm32f446xx_i2c_driver.o
 .text.I2C_ManageAcking
                0x0000000000000000       0x36 drivers/Src/stm32f446xx_i2c_driver.o
 .text.I2C_CloseReceiveData
                0x0000000000000000       0x5c drivers/Src/stm32f446xx_i2c_driver.o
 .text.I2C_CloseSendData
                0x0000000000000000       0x44 drivers/Src/stm32f446xx_i2c_driver.o
 .text.I2C_GenerateStopCondition
                0x0000000000000000       0x1e drivers/Src/stm32f446xx_i2c_driver.o
 .text.I2C_GetFlagStatus
                0x0000000000000000       0x26 drivers/Src/stm32f446xx_i2c_driver.o
 .text.I2C_SlaveEnableDisableCallbackEvents
                0x0000000000000000       0x66 drivers/Src/stm32f446xx_i2c_driver.o
 .text.I2C_ApplicationEventCallback
                0x0000000000000000       0x16 drivers/Src/stm32f446xx_i2c_driver.o
 .debug_info    0x0000000000000000     0x1252 drivers/Src/stm32f446xx_i2c_driver.o
 .debug_abbrev  0x0000000000000000      0x2aa drivers/Src/stm32f446xx_i2c_driver.o
 .debug_aranges
                0x0000000000000000       0xf0 drivers/Src/stm32f446xx_i2c_driver.o
 .debug_ranges  0x0000000000000000       0xe0 drivers/Src/stm32f446xx_i2c_driver.o
 .debug_macro   0x0000000000000000      0x1ea drivers/Src/stm32f446xx_i2c_driver.o
 .debug_macro   0x0000000000000000      0xa48 drivers/Src/stm32f446xx_i2c_driver.o
 .debug_macro   0x0000000000000000       0x22 drivers/Src/stm32f446xx_i2c_driver.o
 .debug_macro   0x0000000000000000       0x8e drivers/Src/stm32f446xx_i2c_driver.o
 .debug_macro   0x0000000000000000       0x51 drivers/Src/stm32f446xx_i2c_driver.o
 .debug_macro   0x0000000000000000       0xef drivers/Src/stm32f446xx_i2c_driver.o
 .debug_macro   0x0000000000000000       0x6a drivers/Src/stm32f446xx_i2c_driver.o
 .debug_macro   0x0000000000000000      0x1df drivers/Src/stm32f446xx_i2c_driver.o
 .debug_macro   0x0000000000000000      0x174 drivers/Src/stm32f446xx_i2c_driver.o
 .debug_macro   0x0000000000000000       0x46 drivers/Src/stm32f446xx_i2c_driver.o
 .debug_macro   0x0000000000000000       0x18 drivers/Src/stm32f446xx_i2c_driver.o
 .debug_macro   0x0000000000000000       0x3c drivers/Src/stm32f446xx_i2c_driver.o
 .debug_macro   0x0000000000000000       0x34 drivers/Src/stm32f446xx_i2c_driver.o
 .debug_macro   0x0000000000000000       0x16 drivers/Src/stm32f446xx_i2c_driver.o
 .debug_macro   0x0000000000000000       0x35 drivers/Src/stm32f446xx_i2c_driver.o
 .debug_macro   0x0000000000000000      0x330 drivers/Src/stm32f446xx_i2c_driver.o
 .debug_macro   0x0000000000000000       0x10 drivers/Src/stm32f446xx_i2c_driver.o
 .debug_macro   0x0000000000000000       0x52 drivers/Src/stm32f446xx_i2c_driver.o
 .debug_macro   0x0000000000000000       0x1f drivers/Src/stm32f446xx_i2c_driver.o
 .debug_macro   0x0000000000000000       0x43 drivers/Src/stm32f446xx_i2c_driver.o
 .debug_macro   0x0000000000000000       0x20 drivers/Src/stm32f446xx_i2c_driver.o
 .debug_macro   0x0000000000000000      0x1a3 drivers/Src/stm32f446xx_i2c_driver.o
 .debug_macro   0x0000000000000000       0x10 drivers/Src/stm32f446xx_i2c_driver.o
 .debug_macro   0x0000000000000000       0x1c drivers/Src/stm32f446xx_i2c_driver.o
 .debug_macro   0x0000000000000000       0x52 drivers/Src/stm32f446xx_i2c_driver.o
 .debug_macro   0x0000000000000000       0x40 drivers/Src/stm32f446xx_i2c_driver.o
 .debug_macro   0x0000000000000000       0x10 drivers/Src/stm32f446xx_i2c_driver.o
 .debug_macro   0x0000000000000000       0x40 drivers/Src/stm32f446xx_i2c_driver.o
 .debug_macro   0x0000000000000000       0xd7 drivers/Src/stm32f446xx_i2c_driver.o
 .debug_macro   0x0000000000000000       0x1c drivers/Src/stm32f446xx_i2c_driver.o
 .debug_macro   0x0000000000000000       0x3d drivers/Src/stm32f446xx_i2c_driver.o
 .debug_macro   0x0000000000000000       0x16 drivers/Src/stm32f446xx_i2c_driver.o
 .debug_macro   0x0000000000000000      0x145 drivers/Src/stm32f446xx_i2c_driver.o
 .debug_macro   0x0000000000000000      0x46d drivers/Src/stm32f446xx_i2c_driver.o
 .debug_macro   0x0000000000000000      0x1b4 drivers/Src/stm32f446xx_i2c_driver.o
 .debug_line    0x0000000000000000      0x9cc drivers/Src/stm32f446xx_i2c_driver.o
 .debug_str     0x0000000000000000     0xa5bc drivers/Src/stm32f446xx_i2c_driver.o
 .comment       0x0000000000000000       0x7c drivers/Src/stm32f446xx_i2c_driver.o
 .debug_frame   0x0000000000000000      0x420 drivers/Src/stm32f446xx_i2c_driver.o
 .ARM.attributes
                0x0000000000000000       0x33 drivers/Src/stm32f446xx_i2c_driver.o
 .group         0x0000000000000000        0xc drivers/Src/stm32f446xx_rcc_driver.o
 .group         0x0000000000000000        0xc drivers/Src/stm32f446xx_rcc_driver.o
 .group         0x0000000000000000        0xc drivers/Src/stm32f446xx_rcc_driver.o
 .group         0x0000000000000000        0xc drivers/Src/stm32f446xx_rcc_driver.o
 .group         0x0000000000000000        0xc drivers/Src/stm32f446xx_rcc_driver.o
 .group         0x0000000000000000        0xc drivers/Src/stm32f446xx_rcc_driver.o
 .group         0x0000000000000000        0xc drivers/Src/stm32f446xx_rcc_driver.o
 .group         0x0000000000000000        0xc drivers/Src/stm32f446xx_rcc_driver.o
 .group         0x0000000000000000        0xc drivers/Src/stm32f446xx_rcc_driver.o
 .group         0x0000000000000000        0xc drivers/Src/stm32f446xx_rcc_driver.o
 .group         0x0000000000000000        0xc drivers/Src/stm32f446xx_rcc_driver.o
 .group         0x0000000000000000        0xc drivers/Src/stm32f446xx_rcc_driver.o
 .group         0x0000000000000000        0xc drivers/Src/stm32f446xx_rcc_driver.o
 .group         0x0000000000000000        0xc drivers/Src/stm32f446xx_rcc_driver.o
 .group         0x0000000000000000        0xc drivers/Src/stm32f446xx_rcc_driver.o
 .group         0x0000000000000000        0xc drivers/Src/stm32f446xx_rcc_driver.o
 .group         0x0000000000000000        0xc drivers/Src/stm32f446xx_rcc_driver.o
 .group         0x0000000000000000        0xc drivers/Src/stm32f446xx_rcc_driver.o
 .group         0x0000000000000000        0xc drivers/Src/stm32f446xx_rcc_driver.o
 .group         0x0000000000000000        0xc drivers/Src/stm32f446xx_rcc_driver.o
 .group         0x0000000000000000        0xc drivers/Src/stm32f446xx_rcc_driver.o
 .group         0x0000000000000000        0xc drivers/Src/stm32f446xx_rcc_driver.o
 .group         0x0000000000000000        0xc drivers/Src/stm32f446xx_rcc_driver.o
 .group         0x0000000000000000        0xc drivers/Src/stm32f446xx_rcc_driver.o
 .group         0x0000000000000000        0xc drivers/Src/stm32f446xx_rcc_driver.o
 .group         0x0000000000000000        0xc drivers/Src/stm32f446xx_rcc_driver.o
 .group         0x0000000000000000        0xc drivers/Src/stm32f446xx_rcc_driver.o
 .group         0x0000000000000000        0xc drivers/Src/stm32f446xx_rcc_driver.o
 .group         0x0000000000000000        0xc drivers/Src/stm32f446xx_rcc_driver.o
 .group         0x0000000000000000        0xc drivers/Src/stm32f446xx_rcc_driver.o
 .group         0x0000000000000000        0xc drivers/Src/stm32f446xx_rcc_driver.o
 .group         0x0000000000000000        0xc drivers/Src/stm32f446xx_rcc_driver.o
 .group         0x0000000000000000        0xc drivers/Src/stm32f446xx_rcc_driver.o
 .text          0x0000000000000000        0x0 drivers/Src/stm32f446xx_rcc_driver.o
 .data          0x0000000000000000        0x0 drivers/Src/stm32f446xx_rcc_driver.o
 .bss           0x0000000000000000        0x0 drivers/Src/stm32f446xx_rcc_driver.o
 .debug_macro   0x0000000000000000      0xa48 drivers/Src/stm32f446xx_rcc_driver.o
 .debug_macro   0x0000000000000000       0x22 drivers/Src/stm32f446xx_rcc_driver.o
 .debug_macro   0x0000000000000000       0x8e drivers/Src/stm32f446xx_rcc_driver.o
 .debug_macro   0x0000000000000000       0x51 drivers/Src/stm32f446xx_rcc_driver.o
 .debug_macro   0x0000000000000000       0xef drivers/Src/stm32f446xx_rcc_driver.o
 .debug_macro   0x0000000000000000       0x6a drivers/Src/stm32f446xx_rcc_driver.o
 .debug_macro   0x0000000000000000      0x1df drivers/Src/stm32f446xx_rcc_driver.o
 .debug_macro   0x0000000000000000      0x174 drivers/Src/stm32f446xx_rcc_driver.o
 .debug_macro   0x0000000000000000       0x46 drivers/Src/stm32f446xx_rcc_driver.o
 .debug_macro   0x0000000000000000       0x18 drivers/Src/stm32f446xx_rcc_driver.o
 .debug_macro   0x0000000000000000       0x3c drivers/Src/stm32f446xx_rcc_driver.o
 .debug_macro   0x0000000000000000       0x34 drivers/Src/stm32f446xx_rcc_driver.o
 .debug_macro   0x0000000000000000       0x16 drivers/Src/stm32f446xx_rcc_driver.o
 .debug_macro   0x0000000000000000       0x35 drivers/Src/stm32f446xx_rcc_driver.o
 .debug_macro   0x0000000000000000      0x330 drivers/Src/stm32f446xx_rcc_driver.o
 .debug_macro   0x0000000000000000       0x10 drivers/Src/stm32f446xx_rcc_driver.o
 .debug_macro   0x0000000000000000       0x52 drivers/Src/stm32f446xx_rcc_driver.o
 .debug_macro   0x0000000000000000       0x1f drivers/Src/stm32f446xx_rcc_driver.o
 .debug_macro   0x0000000000000000       0x43 drivers/Src/stm32f446xx_rcc_driver.o
 .debug_macro   0x0000000000000000       0x20 drivers/Src/stm32f446xx_rcc_driver.o
 .debug_macro   0x0000000000000000      0x1a3 drivers/Src/stm32f446xx_rcc_driver.o
 .debug_macro   0x0000000000000000       0x10 drivers/Src/stm32f446xx_rcc_driver.o
 .debug_macro   0x0000000000000000       0x1c drivers/Src/stm32f446xx_rcc_driver.o
 .debug_macro   0x0000000000000000       0x52 drivers/Src/stm32f446xx_rcc_driver.o
 .debug_macro   0x0000000000000000       0x40 drivers/Src/stm32f446xx_rcc_driver.o
 .debug_macro   0x0000000000000000       0x10 drivers/Src/stm32f446xx_rcc_driver.o
 .debug_macro   0x0000000000000000       0x40 drivers/Src/stm32f446xx_rcc_driver.o
 .debug_macro   0x0000000000000000       0xd7 drivers/Src/stm32f446xx_rcc_driver.o
 .debug_macro   0x0000000000000000       0x1c drivers/Src/stm32f446xx_rcc_driver.o
 .debug_macro   0x0000000000000000       0x3d drivers/Src/stm32f446xx_rcc_driver.o
 .debug_macro   0x0000000000000000       0x16 drivers/Src/stm32f446xx_rcc_driver.o
 .debug_macro   0x0000000000000000      0x145 drivers/Src/stm32f446xx_rcc_driver.o
 .debug_macro   0x0000000000000000      0x46d drivers/Src/stm32f446xx_rcc_driver.o
 .group         0x0000000000000000        0xc drivers/Src/stm32f446xx_spi_driver.o
 .group         0x0000000000000000        0xc drivers/Src/stm32f446xx_spi_driver.o
 .group         0x0000000000000000        0xc drivers/Src/stm32f446xx_spi_driver.o
 .group         0x0000000000000000        0xc drivers/Src/stm32f446xx_spi_driver.o
 .group         0x0000000000000000        0xc drivers/Src/stm32f446xx_spi_driver.o
 .group         0x0000000000000000        0xc drivers/Src/stm32f446xx_spi_driver.o
 .group         0x0000000000000000        0xc drivers/Src/stm32f446xx_spi_driver.o
 .group         0x0000000000000000        0xc drivers/Src/stm32f446xx_spi_driver.o
 .group         0x0000000000000000        0xc drivers/Src/stm32f446xx_spi_driver.o
 .group         0x0000000000000000        0xc drivers/Src/stm32f446xx_spi_driver.o
 .group         0x0000000000000000        0xc drivers/Src/stm32f446xx_spi_driver.o
 .group         0x0000000000000000        0xc drivers/Src/stm32f446xx_spi_driver.o
 .group         0x0000000000000000        0xc drivers/Src/stm32f446xx_spi_driver.o
 .group         0x0000000000000000        0xc drivers/Src/stm32f446xx_spi_driver.o
 .group         0x0000000000000000        0xc drivers/Src/stm32f446xx_spi_driver.o
 .group         0x0000000000000000        0xc drivers/Src/stm32f446xx_spi_driver.o
 .group         0x0000000000000000        0xc drivers/Src/stm32f446xx_spi_driver.o
 .group         0x0000000000000000        0xc drivers/Src/stm32f446xx_spi_driver.o
 .group         0x0000000000000000        0xc drivers/Src/stm32f446xx_spi_driver.o
 .group         0x0000000000000000        0xc drivers/Src/stm32f446xx_spi_driver.o
 .group         0x0000000000000000        0xc drivers/Src/stm32f446xx_spi_driver.o
 .group         0x0000000000000000        0xc drivers/Src/stm32f446xx_spi_driver.o
 .group         0x0000000000000000        0xc drivers/Src/stm32f446xx_spi_driver.o
 .group         0x0000000000000000        0xc drivers/Src/stm32f446xx_spi_driver.o
 .group         0x0000000000000000        0xc drivers/Src/stm32f446xx_spi_driver.o
 .group         0x0000000000000000        0xc drivers/Src/stm32f446xx_spi_driver.o
 .group         0x0000000000000000        0xc drivers/Src/stm32f446xx_spi_driver.o
 .group         0x0000000000000000        0xc drivers/Src/stm32f446xx_spi_driver.o
 .group         0x0000000000000000        0xc drivers/Src/stm32f446xx_spi_driver.o
 .group         0x0000000000000000        0xc drivers/Src/stm32f446xx_spi_driver.o
 .group         0x0000000000000000        0xc drivers/Src/stm32f446xx_spi_driver.o
 .group         0x0000000000000000        0xc drivers/Src/stm32f446xx_spi_driver.o
 .group         0x0000000000000000        0xc drivers/Src/stm32f446xx_spi_driver.o
 .group         0x0000000000000000        0xc drivers/Src/stm32f446xx_spi_driver.o
 .text          0x0000000000000000        0x0 drivers/Src/stm32f446xx_spi_driver.o
 .data          0x0000000000000000        0x0 drivers/Src/stm32f446xx_spi_driver.o
 .bss           0x0000000000000000        0x0 drivers/Src/stm32f446xx_spi_driver.o
 .text.spi_txe_interrupt_handle
                0x0000000000000000       0x80 drivers/Src/stm32f446xx_spi_driver.o
 .text.spi_rxne_interrupt_handle
                0x0000000000000000       0x8e drivers/Src/stm32f446xx_spi_driver.o
 .text.spi_ovr_err_interrupt_handle
                0x0000000000000000       0x30 drivers/Src/stm32f446xx_spi_driver.o
 .text.SPI_PeriClockControl
                0x0000000000000000       0xe0 drivers/Src/stm32f446xx_spi_driver.o
 .text.SPI_Init
                0x0000000000000000       0xb6 drivers/Src/stm32f446xx_spi_driver.o
 .text.SPI_DeInit
                0x0000000000000000       0xac drivers/Src/stm32f446xx_spi_driver.o
 .text.SPI_TransmitData
                0x0000000000000000       0x6c drivers/Src/stm32f446xx_spi_driver.o
 .text.SPI_ReceiveData
                0x0000000000000000       0x6c drivers/Src/stm32f446xx_spi_driver.o
 .text.SPI_TransmitDataIT
                0x0000000000000000       0x46 drivers/Src/stm32f446xx_spi_driver.o
 .text.SPI_ReceiveDataIT
                0x0000000000000000       0x46 drivers/Src/stm32f446xx_spi_driver.o
 .text.SPI_IRQInterruptConfig
                0x0000000000000000      0x108 drivers/Src/stm32f446xx_spi_driver.o
 .text.SPI_IRQPriorityConfig
                0x0000000000000000       0x44 drivers/Src/stm32f446xx_spi_driver.o
 .text.SPI_IRQHandling
                0x0000000000000000       0x9a drivers/Src/stm32f446xx_spi_driver.o
 .text.SPI_PeripheralControl
                0x0000000000000000       0x36 drivers/Src/stm32f446xx_spi_driver.o
 .text.SPI_SSIConfig
                0x0000000000000000       0x36 drivers/Src/stm32f446xx_spi_driver.o
 .text.SPI_SSOEConfig
                0x0000000000000000       0x36 drivers/Src/stm32f446xx_spi_driver.o
 .text.SPI_ClearOVRFlag
                0x0000000000000000       0x1e drivers/Src/stm32f446xx_spi_driver.o
 .text.SPI_CloseTransmisson
                0x0000000000000000       0x34 drivers/Src/stm32f446xx_spi_driver.o
 .text.SPI_CloseReception
                0x0000000000000000       0x34 drivers/Src/stm32f446xx_spi_driver.o
 .text.SPI_GetFlagStatus
                0x0000000000000000       0x26 drivers/Src/stm32f446xx_spi_driver.o
 .text.SPI_ApplicationEventCallback
                0x0000000000000000       0x16 drivers/Src/stm32f446xx_spi_driver.o
 .debug_info    0x0000000000000000     0x108c drivers/Src/stm32f446xx_spi_driver.o
 .debug_abbrev  0x0000000000000000      0x240 drivers/Src/stm32f446xx_spi_driver.o
 .debug_aranges
                0x0000000000000000       0xc0 drivers/Src/stm32f446xx_spi_driver.o
 .debug_ranges  0x0000000000000000       0xb0 drivers/Src/stm32f446xx_spi_driver.o
 .debug_macro   0x0000000000000000      0x1e0 drivers/Src/stm32f446xx_spi_driver.o
 .debug_macro   0x0000000000000000      0xa48 drivers/Src/stm32f446xx_spi_driver.o
 .debug_macro   0x0000000000000000       0x22 drivers/Src/stm32f446xx_spi_driver.o
 .debug_macro   0x0000000000000000       0x8e drivers/Src/stm32f446xx_spi_driver.o
 .debug_macro   0x0000000000000000       0x51 drivers/Src/stm32f446xx_spi_driver.o
 .debug_macro   0x0000000000000000       0xef drivers/Src/stm32f446xx_spi_driver.o
 .debug_macro   0x0000000000000000       0x6a drivers/Src/stm32f446xx_spi_driver.o
 .debug_macro   0x0000000000000000      0x1df drivers/Src/stm32f446xx_spi_driver.o
 .debug_macro   0x0000000000000000      0x174 drivers/Src/stm32f446xx_spi_driver.o
 .debug_macro   0x0000000000000000       0x46 drivers/Src/stm32f446xx_spi_driver.o
 .debug_macro   0x0000000000000000       0x18 drivers/Src/stm32f446xx_spi_driver.o
 .debug_macro   0x0000000000000000       0x3c drivers/Src/stm32f446xx_spi_driver.o
 .debug_macro   0x0000000000000000       0x34 drivers/Src/stm32f446xx_spi_driver.o
 .debug_macro   0x0000000000000000       0x16 drivers/Src/stm32f446xx_spi_driver.o
 .debug_macro   0x0000000000000000       0x35 drivers/Src/stm32f446xx_spi_driver.o
 .debug_macro   0x0000000000000000      0x330 drivers/Src/stm32f446xx_spi_driver.o
 .debug_macro   0x0000000000000000       0x10 drivers/Src/stm32f446xx_spi_driver.o
 .debug_macro   0x0000000000000000       0x52 drivers/Src/stm32f446xx_spi_driver.o
 .debug_macro   0x0000000000000000       0x1f drivers/Src/stm32f446xx_spi_driver.o
 .debug_macro   0x0000000000000000       0x43 drivers/Src/stm32f446xx_spi_driver.o
 .debug_macro   0x0000000000000000       0x20 drivers/Src/stm32f446xx_spi_driver.o
 .debug_macro   0x0000000000000000      0x1a3 drivers/Src/stm32f446xx_spi_driver.o
 .debug_macro   0x0000000000000000       0x10 drivers/Src/stm32f446xx_spi_driver.o
 .debug_macro   0x0000000000000000       0x1c drivers/Src/stm32f446xx_spi_driver.o
 .debug_macro   0x0000000000000000       0x52 drivers/Src/stm32f446xx_spi_driver.o
 .debug_macro   0x0000000000000000       0x40 drivers/Src/stm32f446xx_spi_driver.o
 .debug_macro   0x0000000000000000       0x10 drivers/Src/stm32f446xx_spi_driver.o
 .debug_macro   0x0000000000000000       0x40 drivers/Src/stm32f446xx_spi_driver.o
 .debug_macro   0x0000000000000000       0xd7 drivers/Src/stm32f446xx_spi_driver.o
 .debug_macro   0x0000000000000000       0x1c drivers/Src/stm32f446xx_spi_driver.o
 .debug_macro   0x0000000000000000       0x3d drivers/Src/stm32f446xx_spi_driver.o
 .debug_macro   0x0000000000000000       0x16 drivers/Src/stm32f446xx_spi_driver.o
 .debug_macro   0x0000000000000000      0x145 drivers/Src/stm32f446xx_spi_driver.o
 .debug_macro   0x0000000000000000      0x46d drivers/Src/stm32f446xx_spi_driver.o
 .debug_macro   0x0000000000000000      0x177 drivers/Src/stm32f446xx_spi_driver.o
 .debug_line    0x0000000000000000      0x859 drivers/Src/stm32f446xx_spi_driver.o
 .debug_str     0x0000000000000000     0xa3ec drivers/Src/stm32f446xx_spi_driver.o
 .comment       0x0000000000000000       0x7c drivers/Src/stm32f446xx_spi_driver.o
 .debug_frame   0x0000000000000000      0x33c drivers/Src/stm32f446xx_spi_driver.o
 .ARM.attributes
                0x0000000000000000       0x33 drivers/Src/stm32f446xx_spi_driver.o
 .group         0x0000000000000000        0xc drivers/Src/stm32f446xx_usart_driver.o
 .group         0x0000000000000000        0xc drivers/Src/stm32f446xx_usart_driver.o
 .group         0x0000000000000000        0xc drivers/Src/stm32f446xx_usart_driver.o
 .group         0x0000000000000000        0xc drivers/Src/stm32f446xx_usart_driver.o
 .group         0x0000000000000000        0xc drivers/Src/stm32f446xx_usart_driver.o
 .group         0x0000000000000000        0xc drivers/Src/stm32f446xx_usart_driver.o
 .group         0x0000000000000000        0xc drivers/Src/stm32f446xx_usart_driver.o
 .group         0x0000000000000000        0xc drivers/Src/stm32f446xx_usart_driver.o
 .group         0x0000000000000000        0xc drivers/Src/stm32f446xx_usart_driver.o
 .group         0x0000000000000000        0xc drivers/Src/stm32f446xx_usart_driver.o
 .group         0x0000000000000000        0xc drivers/Src/stm32f446xx_usart_driver.o
 .group         0x0000000000000000        0xc drivers/Src/stm32f446xx_usart_driver.o
 .group         0x0000000000000000        0xc drivers/Src/stm32f446xx_usart_driver.o
 .group         0x0000000000000000        0xc drivers/Src/stm32f446xx_usart_driver.o
 .group         0x0000000000000000        0xc drivers/Src/stm32f446xx_usart_driver.o
 .group         0x0000000000000000        0xc drivers/Src/stm32f446xx_usart_driver.o
 .group         0x0000000000000000        0xc drivers/Src/stm32f446xx_usart_driver.o
 .group         0x0000000000000000        0xc drivers/Src/stm32f446xx_usart_driver.o
 .group         0x0000000000000000        0xc drivers/Src/stm32f446xx_usart_driver.o
 .group         0x0000000000000000        0xc drivers/Src/stm32f446xx_usart_driver.o
 .group         0x0000000000000000        0xc drivers/Src/stm32f446xx_usart_driver.o
 .group         0x0000000000000000        0xc drivers/Src/stm32f446xx_usart_driver.o
 .group         0x0000000000000000        0xc drivers/Src/stm32f446xx_usart_driver.o
 .group         0x0000000000000000        0xc drivers/Src/stm32f446xx_usart_driver.o
 .group         0x0000000000000000        0xc drivers/Src/stm32f446xx_usart_driver.o
 .group         0x0000000000000000        0xc drivers/Src/stm32f446xx_usart_driver.o
 .group         0x0000000000000000        0xc drivers/Src/stm32f446xx_usart_driver.o
 .group         0x0000000000000000        0xc drivers/Src/stm32f446xx_usart_driver.o
 .group         0x0000000000000000        0xc drivers/Src/stm32f446xx_usart_driver.o
 .group         0x0000000000000000        0xc drivers/Src/stm32f446xx_usart_driver.o
 .group         0x0000000000000000        0xc drivers/Src/stm32f446xx_usart_driver.o
 .group         0x0000000000000000        0xc drivers/Src/stm32f446xx_usart_driver.o
 .group         0x0000000000000000        0xc drivers/Src/stm32f446xx_usart_driver.o
 .group         0x0000000000000000        0xc drivers/Src/stm32f446xx_usart_driver.o
 .text          0x0000000000000000        0x0 drivers/Src/stm32f446xx_usart_driver.o
 .data          0x0000000000000000        0x0 drivers/Src/stm32f446xx_usart_driver.o
 .bss           0x0000000000000000        0x0 drivers/Src/stm32f446xx_usart_driver.o
 .text.USART_DeInit
                0x0000000000000000       0xf8 drivers/Src/stm32f446xx_usart_driver.o
 .text.USART_ReceiveData
                0x0000000000000000       0xae drivers/Src/stm32f446xx_usart_driver.o
 .text.USART_SendDataIT
                0x0000000000000000       0x5a drivers/Src/stm32f446xx_usart_driver.o
 .text.USART_ReceiveDataIT
                0x0000000000000000       0x50 drivers/Src/stm32f446xx_usart_driver.o
 .text.USART_IRQInterruptConfig
                0x0000000000000000      0x108 drivers/Src/stm32f446xx_usart_driver.o
 .text.USART_IRQPriorityConfig
                0x0000000000000000       0x44 drivers/Src/stm32f446xx_usart_driver.o
 .text.USART_IRQHandling
                0x0000000000000000       0x12 drivers/Src/stm32f446xx_usart_driver.o
 .text.USART_ClearFlag
                0x0000000000000000       0x24 drivers/Src/stm32f446xx_usart_driver.o
 .text.USART_ApplicationEventCallback
                0x0000000000000000       0x16 drivers/Src/stm32f446xx_usart_driver.o
 .debug_macro   0x0000000000000000      0xa48 drivers/Src/stm32f446xx_usart_driver.o
 .debug_macro   0x0000000000000000       0x22 drivers/Src/stm32f446xx_usart_driver.o
 .debug_macro   0x0000000000000000       0x8e drivers/Src/stm32f446xx_usart_driver.o
 .debug_macro   0x0000000000000000       0x51 drivers/Src/stm32f446xx_usart_driver.o
 .debug_macro   0x0000000000000000       0xef drivers/Src/stm32f446xx_usart_driver.o
 .debug_macro   0x0000000000000000       0x6a drivers/Src/stm32f446xx_usart_driver.o
 .debug_macro   0x0000000000000000      0x1df drivers/Src/stm32f446xx_usart_driver.o
 .debug_macro   0x0000000000000000      0x174 drivers/Src/stm32f446xx_usart_driver.o
 .debug_macro   0x0000000000000000       0x46 drivers/Src/stm32f446xx_usart_driver.o
 .debug_macro   0x0000000000000000       0x18 drivers/Src/stm32f446xx_usart_driver.o
 .debug_macro   0x0000000000000000       0x3c drivers/Src/stm32f446xx_usart_driver.o
 .debug_macro   0x0000000000000000       0x34 drivers/Src/stm32f446xx_usart_driver.o
 .debug_macro   0x0000000000000000       0x16 drivers/Src/stm32f446xx_usart_driver.o
 .debug_macro   0x0000000000000000       0x35 drivers/Src/stm32f446xx_usart_driver.o
 .debug_macro   0x0000000000000000      0x330 drivers/Src/stm32f446xx_usart_driver.o
 .debug_macro   0x0000000000000000       0x10 drivers/Src/stm32f446xx_usart_driver.o
 .debug_macro   0x0000000000000000       0x52 drivers/Src/stm32f446xx_usart_driver.o
 .debug_macro   0x0000000000000000       0x1f drivers/Src/stm32f446xx_usart_driver.o
 .debug_macro   0x0000000000000000       0x43 drivers/Src/stm32f446xx_usart_driver.o
 .debug_macro   0x0000000000000000       0x20 drivers/Src/stm32f446xx_usart_driver.o
 .debug_macro   0x0000000000000000      0x1a3 drivers/Src/stm32f446xx_usart_driver.o
 .debug_macro   0x0000000000000000       0x10 drivers/Src/stm32f446xx_usart_driver.o
 .debug_macro   0x0000000000000000       0x1c drivers/Src/stm32f446xx_usart_driver.o
 .debug_macro   0x0000000000000000       0x52 drivers/Src/stm32f446xx_usart_driver.o
 .debug_macro   0x0000000000000000       0x40 drivers/Src/stm32f446xx_usart_driver.o
 .debug_macro   0x0000000000000000       0x10 drivers/Src/stm32f446xx_usart_driver.o
 .debug_macro   0x0000000000000000       0x40 drivers/Src/stm32f446xx_usart_driver.o
 .debug_macro   0x0000000000000000       0xd7 drivers/Src/stm32f446xx_usart_driver.o
 .debug_macro   0x0000000000000000       0x1c drivers/Src/stm32f446xx_usart_driver.o
 .debug_macro   0x0000000000000000       0x3d drivers/Src/stm32f446xx_usart_driver.o
 .debug_macro   0x0000000000000000       0x16 drivers/Src/stm32f446xx_usart_driver.o
 .debug_macro   0x0000000000000000      0x145 drivers/Src/stm32f446xx_usart_driver.o
 .debug_macro   0x0000000000000000      0x46d drivers/Src/stm32f446xx_usart_driver.o
 .debug_macro   0x0000000000000000      0x221 drivers/Src/stm32f446xx_usart_driver.o
 .text          0x0000000000000000        0x0 c:/st/stm32cubeide_1.1.0/stm32cubeide/plugins/com.st.stm32cube.ide.mcu.externaltools.gnu-tools-for-stm32.7-2018-q2-update.win32_1.0.0.201904181610/tools/bin/../lib/gcc/arm-none-eabi/7.3.1/../../../../arm-none-eabi/lib/thumb/v7e-m\libc_nano.a(lib_a-exit.o)
 .data          0x0000000000000000        0x0 c:/st/stm32cubeide_1.1.0/stm32cubeide/plugins/com.st.stm32cube.ide.mcu.externaltools.gnu-tools-for-stm32.7-2018-q2-update.win32_1.0.0.201904181610/tools/bin/../lib/gcc/arm-none-eabi/7.3.1/../../../../arm-none-eabi/lib/thumb/v7e-m\libc_nano.a(lib_a-exit.o)
 .bss           0x0000000000000000        0x0 c:/st/stm32cubeide_1.1.0/stm32cubeide/plugins/com.st.stm32cube.ide.mcu.externaltools.gnu-tools-for-stm32.7-2018-q2-update.win32_1.0.0.201904181610/tools/bin/../lib/gcc/arm-none-eabi/7.3.1/../../../../arm-none-eabi/lib/thumb/v7e-m\libc_nano.a(lib_a-exit.o)
 .text.exit     0x0000000000000000       0x28 c:/st/stm32cubeide_1.1.0/stm32cubeide/plugins/com.st.stm32cube.ide.mcu.externaltools.gnu-tools-for-stm32.7-2018-q2-update.win32_1.0.0.201904181610/tools/bin/../lib/gcc/arm-none-eabi/7.3.1/../../../../arm-none-eabi/lib/thumb/v7e-m\libc_nano.a(lib_a-exit.o)
 .debug_frame   0x0000000000000000       0x28 c:/st/stm32cubeide_1.1.0/stm32cubeide/plugins/com.st.stm32cube.ide.mcu.externaltools.gnu-tools-for-stm32.7-2018-q2-update.win32_1.0.0.201904181610/tools/bin/../lib/gcc/arm-none-eabi/7.3.1/../../../../arm-none-eabi/lib/thumb/v7e-m\libc_nano.a(lib_a-exit.o)
 .ARM.attributes
                0x0000000000000000       0x2e c:/st/stm32cubeide_1.1.0/stm32cubeide/plugins/com.st.stm32cube.ide.mcu.externaltools.gnu-tools-for-stm32.7-2018-q2-update.win32_1.0.0.201904181610/tools/bin/../lib/gcc/arm-none-eabi/7.3.1/../../../../arm-none-eabi/lib/thumb/v7e-m\libc_nano.a(lib_a-exit.o)
 .text          0x0000000000000000        0x0 c:/st/stm32cubeide_1.1.0/stm32cubeide/plugins/com.st.stm32cube.ide.mcu.externaltools.gnu-tools-for-stm32.7-2018-q2-update.win32_1.0.0.201904181610/tools/bin/../lib/gcc/arm-none-eabi/7.3.1/../../../../arm-none-eabi/lib/thumb/v7e-m\libc_nano.a(lib_a-impure.o)
 .data          0x0000000000000000        0x0 c:/st/stm32cubeide_1.1.0/stm32cubeide/plugins/com.st.stm32cube.ide.mcu.externaltools.gnu-tools-for-stm32.7-2018-q2-update.win32_1.0.0.201904181610/tools/bin/../lib/gcc/arm-none-eabi/7.3.1/../../../../arm-none-eabi/lib/thumb/v7e-m\libc_nano.a(lib_a-impure.o)
 .bss           0x0000000000000000        0x0 c:/st/stm32cubeide_1.1.0/stm32cubeide/plugins/com.st.stm32cube.ide.mcu.externaltools.gnu-tools-for-stm32.7-2018-q2-update.win32_1.0.0.201904181610/tools/bin/../lib/gcc/arm-none-eabi/7.3.1/../../../../arm-none-eabi/lib/thumb/v7e-m\libc_nano.a(lib_a-impure.o)
 .data._impure_ptr
                0x0000000000000000        0x4 c:/st/stm32cubeide_1.1.0/stm32cubeide/plugins/com.st.stm32cube.ide.mcu.externaltools.gnu-tools-for-stm32.7-2018-q2-update.win32_1.0.0.201904181610/tools/bin/../lib/gcc/arm-none-eabi/7.3.1/../../../../arm-none-eabi/lib/thumb/v7e-m\libc_nano.a(lib_a-impure.o)
 .data.impure_data
                0x0000000000000000       0x60 c:/st/stm32cubeide_1.1.0/stm32cubeide/plugins/com.st.stm32cube.ide.mcu.externaltools.gnu-tools-for-stm32.7-2018-q2-update.win32_1.0.0.201904181610/tools/bin/../lib/gcc/arm-none-eabi/7.3.1/../../../../arm-none-eabi/lib/thumb/v7e-m\libc_nano.a(lib_a-impure.o)
 .rodata._global_impure_ptr
                0x0000000000000000        0x4 c:/st/stm32cubeide_1.1.0/stm32cubeide/plugins/com.st.stm32cube.ide.mcu.externaltools.gnu-tools-for-stm32.7-2018-q2-update.win32_1.0.0.201904181610/tools/bin/../lib/gcc/arm-none-eabi/7.3.1/../../../../arm-none-eabi/lib/thumb/v7e-m\libc_nano.a(lib_a-impure.o)
 .ARM.attributes
                0x0000000000000000       0x2e c:/st/stm32cubeide_1.1.0/stm32cubeide/plugins/com.st.stm32cube.ide.mcu.externaltools.gnu-tools-for-stm32.7-2018-q2-update.win32_1.0.0.201904181610/tools/bin/../lib/gcc/arm-none-eabi/7.3.1/../../../../arm-none-eabi/lib/thumb/v7e-m\libc_nano.a(lib_a-impure.o)
 .text          0x0000000000000000        0x0 c:/st/stm32cubeide_1.1.0/stm32cubeide/plugins/com.st.stm32cube.ide.mcu.externaltools.gnu-tools-for-stm32.7-2018-q2-update.win32_1.0.0.201904181610/tools/bin/../lib/gcc/arm-none-eabi/7.3.1/../../../../arm-none-eabi/lib/thumb/v7e-m\libc_nano.a(lib_a-init.o)
 .data          0x0000000000000000        0x0 c:/st/stm32cubeide_1.1.0/stm32cubeide/plugins/com.st.stm32cube.ide.mcu.externaltools.gnu-tools-for-stm32.7-2018-q2-update.win32_1.0.0.201904181610/tools/bin/../lib/gcc/arm-none-eabi/7.3.1/../../../../arm-none-eabi/lib/thumb/v7e-m\libc_nano.a(lib_a-init.o)
 .bss           0x0000000000000000        0x0 c:/st/stm32cubeide_1.1.0/stm32cubeide/plugins/com.st.stm32cube.ide.mcu.externaltools.gnu-tools-for-stm32.7-2018-q2-update.win32_1.0.0.201904181610/tools/bin/../lib/gcc/arm-none-eabi/7.3.1/../../../../arm-none-eabi/lib/thumb/v7e-m\libc_nano.a(lib_a-init.o)
 .text          0x0000000000000000        0x0 c:/st/stm32cubeide_1.1.0/stm32cubeide/plugins/com.st.stm32cube.ide.mcu.externaltools.gnu-tools-for-stm32.7-2018-q2-update.win32_1.0.0.201904181610/tools/bin/../lib/gcc/arm-none-eabi/7.3.1/../../../../arm-none-eabi/lib/thumb/v7e-m\libc_nano.a(lib_a-memset.o)
 .data          0x0000000000000000        0x0 c:/st/stm32cubeide_1.1.0/stm32cubeide/plugins/com.st.stm32cube.ide.mcu.externaltools.gnu-tools-for-stm32.7-2018-q2-update.win32_1.0.0.201904181610/tools/bin/../lib/gcc/arm-none-eabi/7.3.1/../../../../arm-none-eabi/lib/thumb/v7e-m\libc_nano.a(lib_a-memset.o)
 .bss           0x0000000000000000        0x0 c:/st/stm32cubeide_1.1.0/stm32cubeide/plugins/com.st.stm32cube.ide.mcu.externaltools.gnu-tools-for-stm32.7-2018-q2-update.win32_1.0.0.201904181610/tools/bin/../lib/gcc/arm-none-eabi/7.3.1/../../../../arm-none-eabi/lib/thumb/v7e-m\libc_nano.a(lib_a-memset.o)
 .data          0x0000000000000000        0x0 c:/st/stm32cubeide_1.1.0/stm32cubeide/plugins/com.st.stm32cube.ide.mcu.externaltools.gnu-tools-for-stm32.7-2018-q2-update.win32_1.0.0.201904181610/tools/bin/../lib/gcc/arm-none-eabi/7.3.1/../../../../arm-none-eabi/lib/thumb/v7e-m\libc_nano.a(lib_a-strlen.o)
 .bss           0x0000000000000000        0x0 c:/st/stm32cubeide_1.1.0/stm32cubeide/plugins/com.st.stm32cube.ide.mcu.externaltools.gnu-tools-for-stm32.7-2018-q2-update.win32_1.0.0.201904181610/tools/bin/../lib/gcc/arm-none-eabi/7.3.1/../../../../arm-none-eabi/lib/thumb/v7e-m\libc_nano.a(lib_a-strlen.o)
 .text          0x0000000000000000        0x0 c:/st/stm32cubeide_1.1.0/stm32cubeide/plugins/com.st.stm32cube.ide.mcu.externaltools.gnu-tools-for-stm32.7-2018-q2-update.win32_1.0.0.201904181610/tools/bin/../lib/gcc/arm-none-eabi/7.3.1/../../../../arm-none-eabi/lib/thumb/v7e-m\libnosys.a(_exit.o)
 .data          0x0000000000000000        0x0 c:/st/stm32cubeide_1.1.0/stm32cubeide/plugins/com.st.stm32cube.ide.mcu.externaltools.gnu-tools-for-stm32.7-2018-q2-update.win32_1.0.0.201904181610/tools/bin/../lib/gcc/arm-none-eabi/7.3.1/../../../../arm-none-eabi/lib/thumb/v7e-m\libnosys.a(_exit.o)
 .bss           0x0000000000000000        0x0 c:/st/stm32cubeide_1.1.0/stm32cubeide/plugins/com.st.stm32cube.ide.mcu.externaltools.gnu-tools-for-stm32.7-2018-q2-update.win32_1.0.0.201904181610/tools/bin/../lib/gcc/arm-none-eabi/7.3.1/../../../../arm-none-eabi/lib/thumb/v7e-m\libnosys.a(_exit.o)
 .text._exit    0x0000000000000000        0x2 c:/st/stm32cubeide_1.1.0/stm32cubeide/plugins/com.st.stm32cube.ide.mcu.externaltools.gnu-tools-for-stm32.7-2018-q2-update.win32_1.0.0.201904181610/tools/bin/../lib/gcc/arm-none-eabi/7.3.1/../../../../arm-none-eabi/lib/thumb/v7e-m\libnosys.a(_exit.o)
 .debug_frame   0x0000000000000000       0x20 c:/st/stm32cubeide_1.1.0/stm32cubeide/plugins/com.st.stm32cube.ide.mcu.externaltools.gnu-tools-for-stm32.7-2018-q2-update.win32_1.0.0.201904181610/tools/bin/../lib/gcc/arm-none-eabi/7.3.1/../../../../arm-none-eabi/lib/thumb/v7e-m\libnosys.a(_exit.o)
 .ARM.attributes
                0x0000000000000000       0x2e c:/st/stm32cubeide_1.1.0/stm32cubeide/plugins/com.st.stm32cube.ide.mcu.externaltools.gnu-tools-for-stm32.7-2018-q2-update.win32_1.0.0.201904181610/tools/bin/../lib/gcc/arm-none-eabi/7.3.1/../../../../arm-none-eabi/lib/thumb/v7e-m\libnosys.a(_exit.o)
 .text          0x0000000000000000        0x0 c:/st/stm32cubeide_1.1.0/stm32cubeide/plugins/com.st.stm32cube.ide.mcu.externaltools.gnu-tools-for-stm32.7-2018-q2-update.win32_1.0.0.201904181610/tools/bin/../lib/gcc/arm-none-eabi/7.3.1/thumb/v7e-m/crtend.o
 .data          0x0000000000000000        0x0 c:/st/stm32cubeide_1.1.0/stm32cubeide/plugins/com.st.stm32cube.ide.mcu.externaltools.gnu-tools-for-stm32.7-2018-q2-update.win32_1.0.0.201904181610/tools/bin/../lib/gcc/arm-none-eabi/7.3.1/thumb/v7e-m/crtend.o
 .bss           0x0000000000000000        0x0 c:/st/stm32cubeide_1.1.0/stm32cubeide/plugins/com.st.stm32cube.ide.mcu.externaltools.gnu-tools-for-stm32.7-2018-q2-update.win32_1.0.0.201904181610/tools/bin/../lib/gcc/arm-none-eabi/7.3.1/thumb/v7e-m/crtend.o
 .eh_frame      0x0000000000000000        0x4 c:/st/stm32cubeide_1.1.0/stm32cubeide/plugins/com.st.stm32cube.ide.mcu.externaltools.gnu-tools-for-stm32.7-2018-q2-update.win32_1.0.0.201904181610/tools/bin/../lib/gcc/arm-none-eabi/7.3.1/thumb/v7e-m/crtend.o
 .ARM.attributes
                0x0000000000000000       0x2e c:/st/stm32cubeide_1.1.0/stm32cubeide/plugins/com.st.stm32cube.ide.mcu.externaltools.gnu-tools-for-stm32.7-2018-q2-update.win32_1.0.0.201904181610/tools/bin/../lib/gcc/arm-none-eabi/7.3.1/thumb/v7e-m/crtend.o
 .text          0x0000000000000000        0x0 c:/st/stm32cubeide_1.1.0/stm32cubeide/plugins/com.st.stm32cube.ide.mcu.externaltools.gnu-tools-for-stm32.7-2018-q2-update.win32_1.0.0.201904181610/tools/bin/../lib/gcc/arm-none-eabi/7.3.1/thumb/v7e-m/crtn.o
 .data          0x0000000000000000        0x0 c:/st/stm32cubeide_1.1.0/stm32cubeide/plugins/com.st.stm32cube.ide.mcu.externaltools.gnu-tools-for-stm32.7-2018-q2-update.win32_1.0.0.201904181610/tools/bin/../lib/gcc/arm-none-eabi/7.3.1/thumb/v7e-m/crtn.o
 .bss           0x0000000000000000        0x0 c:/st/stm32cubeide_1.1.0/stm32cubeide/plugins/com.st.stm32cube.ide.mcu.externaltools.gnu-tools-for-stm32.7-2018-q2-update.win32_1.0.0.201904181610/tools/bin/../lib/gcc/arm-none-eabi/7.3.1/thumb/v7e-m/crtn.o

Memory Configuration

Name             Origin             Length             Attributes
RAM              0x0000000020000000 0x0000000000020000 xrw
ROM              0x0000000008000000 0x0000000000080000 xr
*default*        0x0000000000000000 0xffffffffffffffff

Linker script and memory map

LOAD c:/st/stm32cubeide_1.1.0/stm32cubeide/plugins/com.st.stm32cube.ide.mcu.externaltools.gnu-tools-for-stm32.7-2018-q2-update.win32_1.0.0.201904181610/tools/bin/../lib/gcc/arm-none-eabi/7.3.1/thumb/v7e-m/crti.o
LOAD c:/st/stm32cubeide_1.1.0/stm32cubeide/plugins/com.st.stm32cube.ide.mcu.externaltools.gnu-tools-for-stm32.7-2018-q2-update.win32_1.0.0.201904181610/tools/bin/../lib/gcc/arm-none-eabi/7.3.1/thumb/v7e-m/crtbegin.o
LOAD c:/st/stm32cubeide_1.1.0/stm32cubeide/plugins/com.st.stm32cube.ide.mcu.externaltools.gnu-tools-for-stm32.7-2018-q2-update.win32_1.0.0.201904181610/tools/bin/../lib/gcc/arm-none-eabi/7.3.1/../../../../arm-none-eabi/lib/thumb/v7e-m/crt0.o
LOAD Src/usartTransmitterToArduinoSlave.o
LOAD Startup/startup_stm32f446retx.o
LOAD drivers/Src/stm32f446xx_gpio_driver.o
LOAD drivers/Src/stm32f446xx_i2c_driver.o
LOAD drivers/Src/stm32f446xx_rcc_driver.o
LOAD drivers/Src/stm32f446xx_spi_driver.o
LOAD drivers/Src/stm32f446xx_usart_driver.o
START GROUP
LOAD c:/st/stm32cubeide_1.1.0/stm32cubeide/plugins/com.st.stm32cube.ide.mcu.externaltools.gnu-tools-for-stm32.7-2018-q2-update.win32_1.0.0.201904181610/tools/bin/../lib/gcc/arm-none-eabi/7.3.1/../../../../arm-none-eabi/lib/thumb/v7e-m\libc_nano.a
LOAD c:/st/stm32cubeide_1.1.0/stm32cubeide/plugins/com.st.stm32cube.ide.mcu.externaltools.gnu-tools-for-stm32.7-2018-q2-update.win32_1.0.0.201904181610/tools/bin/../lib/gcc/arm-none-eabi/7.3.1/../../../../arm-none-eabi/lib/thumb/v7e-m\libm.a
END GROUP
START GROUP
LOAD c:/st/stm32cubeide_1.1.0/stm32cubeide/plugins/com.st.stm32cube.ide.mcu.externaltools.gnu-tools-for-stm32.7-2018-q2-update.win32_1.0.0.201904181610/tools/bin/../lib/gcc/arm-none-eabi/7.3.1/thumb/v7e-m\libgcc.a
LOAD c:/st/stm32cubeide_1.1.0/stm32cubeide/plugins/com.st.stm32cube.ide.mcu.externaltools.gnu-tools-for-stm32.7-2018-q2-update.win32_1.0.0.201904181610/tools/bin/../lib/gcc/arm-none-eabi/7.3.1/../../../../arm-none-eabi/lib/thumb/v7e-m\libc_nano.a
END GROUP
START GROUP
LOAD c:/st/stm32cubeide_1.1.0/stm32cubeide/plugins/com.st.stm32cube.ide.mcu.externaltools.gnu-tools-for-stm32.7-2018-q2-update.win32_1.0.0.201904181610/tools/bin/../lib/gcc/arm-none-eabi/7.3.1/thumb/v7e-m\libgcc.a
LOAD c:/st/stm32cubeide_1.1.0/stm32cubeide/plugins/com.st.stm32cube.ide.mcu.externaltools.gnu-tools-for-stm32.7-2018-q2-update.win32_1.0.0.201904181610/tools/bin/../lib/gcc/arm-none-eabi/7.3.1/../../../../arm-none-eabi/lib/thumb/v7e-m\libc_nano.a
LOAD c:/st/stm32cubeide_1.1.0/stm32cubeide/plugins/com.st.stm32cube.ide.mcu.externaltools.gnu-tools-for-stm32.7-2018-q2-update.win32_1.0.0.201904181610/tools/bin/../lib/gcc/arm-none-eabi/7.3.1/../../../../arm-none-eabi/lib/thumb/v7e-m\libnosys.a
END GROUP
START GROUP
LOAD c:/st/stm32cubeide_1.1.0/stm32cubeide/plugins/com.st.stm32cube.ide.mcu.externaltools.gnu-tools-for-stm32.7-2018-q2-update.win32_1.0.0.201904181610/tools/bin/../lib/gcc/arm-none-eabi/7.3.1/thumb/v7e-m\libgcc.a
LOAD c:/st/stm32cubeide_1.1.0/stm32cubeide/plugins/com.st.stm32cube.ide.mcu.externaltools.gnu-tools-for-stm32.7-2018-q2-update.win32_1.0.0.201904181610/tools/bin/../lib/gcc/arm-none-eabi/7.3.1/../../../../arm-none-eabi/lib/thumb/v7e-m\libc_nano.a
LOAD c:/st/stm32cubeide_1.1.0/stm32cubeide/plugins/com.st.stm32cube.ide.mcu.externaltools.gnu-tools-for-stm32.7-2018-q2-update.win32_1.0.0.201904181610/tools/bin/../lib/gcc/arm-none-eabi/7.3.1/../../../../arm-none-eabi/lib/thumb/v7e-m\libnosys.a
END GROUP
LOAD c:/st/stm32cubeide_1.1.0/stm32cubeide/plugins/com.st.stm32cube.ide.mcu.externaltools.gnu-tools-for-stm32.7-2018-q2-update.win32_1.0.0.201904181610/tools/bin/../lib/gcc/arm-none-eabi/7.3.1/thumb/v7e-m/crtend.o
LOAD c:/st/stm32cubeide_1.1.0/stm32cubeide/plugins/com.st.stm32cube.ide.mcu.externaltools.gnu-tools-for-stm32.7-2018-q2-update.win32_1.0.0.201904181610/tools/bin/../lib/gcc/arm-none-eabi/7.3.1/thumb/v7e-m/crtn.o
                0x0000000020020000                _estack = (ORIGIN (RAM) + LENGTH (RAM))
                0x0000000000000200                _Min_Heap_Size = 0x200
                0x0000000000000400                _Min_Stack_Size = 0x400

.isr_vector     0x0000000008000000      0x1c4
                0x0000000008000000                . = ALIGN (0x4)
 *(.isr_vector)
 .isr_vector    0x0000000008000000      0x1c4 Startup/startup_stm32f446retx.o
                0x0000000008000000                g_pfnVectors
                0x00000000080001c4                . = ALIGN (0x4)

.text           0x00000000080001c4      0xb68
                0x00000000080001c4                . = ALIGN (0x4)
 *(.text)
 .text          0x00000000080001c4       0x40 c:/st/stm32cubeide_1.1.0/stm32cubeide/plugins/com.st.stm32cube.ide.mcu.externaltools.gnu-tools-for-stm32.7-2018-q2-update.win32_1.0.0.201904181610/tools/bin/../lib/gcc/arm-none-eabi/7.3.1/thumb/v7e-m/crtbegin.o
 .text          0x0000000008000204       0x10 c:/st/stm32cubeide_1.1.0/stm32cubeide/plugins/com.st.stm32cube.ide.mcu.externaltools.gnu-tools-for-stm32.7-2018-q2-update.win32_1.0.0.201904181610/tools/bin/../lib/gcc/arm-none-eabi/7.3.1/../../../../arm-none-eabi/lib/thumb/v7e-m\libc_nano.a(lib_a-strlen.o)
                0x0000000008000204                strlen
 *(.text*)
 .text.delay250ms
                0x0000000008000214       0x28 Src/usartTransmitterToArduinoSlave.o
                0x0000000008000214                delay250ms
 .text.GPIO_ButtonInit
                0x000000000800023c       0x3c Src/usartTransmitterToArduinoSlave.o
                0x000000000800023c                GPIO_ButtonInit
 .text.USART2_GPIOInits
                0x0000000008000278       0x50 Src/usartTransmitterToArduinoSlave.o
                0x0000000008000278                USART2_GPIOInits
 .text.USART2_Inits
                0x00000000080002c8       0x44 Src/usartTransmitterToArduinoSlave.o
                0x00000000080002c8                USART2_Inits
 .text.main     0x000000000800030c       0x50 Src/usartTransmitterToArduinoSlave.o
                0x000000000800030c                main
 .text.Reset_Handler
                0x000000000800035c       0x50 Startup/startup_stm32f446retx.o
                0x000000000800035c                Reset_Handler
 .text.Default_Handler
                0x00000000080003ac        0x2 Startup/startup_stm32f446retx.o
                0x00000000080003ac                RTC_Alarm_IRQHandler
                0x00000000080003ac                EXTI2_IRQHandler
                0x00000000080003ac                TIM8_CC_IRQHandler
                0x00000000080003ac                SPDIF_Rx_IRQHandler
                0x00000000080003ac                DebugMon_Handler
                0x00000000080003ac                SPI4_IRQHandler
                0x00000000080003ac                TIM1_CC_IRQHandler
                0x00000000080003ac                QuadSPI_IRQHandler
                0x00000000080003ac                DMA2_Stream5_IRQHandler
                0x00000000080003ac                HardFault_Handler
                0x00000000080003ac                DMA1_Stream5_IRQHandler
                0x00000000080003ac                SysTick_Handler
                0x00000000080003ac                PVD_IRQHandler
                0x00000000080003ac                SDIO_IRQHandler
                0x00000000080003ac                TAMP_STAMP_IRQHandler
                0x00000000080003ac                PendSV_Handler
                0x00000000080003ac                NMI_Handler
                0x00000000080003ac                CAN2_RX1_IRQHandler
                0x00000000080003ac                EXTI3_IRQHandler
                0x00000000080003ac                TIM8_TRG_COM_TIM14_IRQHandler
                0x00000000080003ac                TIM1_UP_TIM10_IRQHandler
                0x00000000080003ac                FMPI2C1_error_IRQHandler
                0x00000000080003ac                TIM8_UP_TIM13_IRQHandler
                0x00000000080003ac                I2C3_ER_IRQHandler
                0x00000000080003ac                EXTI0_IRQHandler
                0x00000000080003ac                I2C2_EV_IRQHandler
                0x00000000080003ac                DMA1_Stream2_IRQHandler
                0x00000000080003ac                CAN1_RX0_IRQHandler
                0x00000000080003ac                FPU_IRQHandler
                0x00000000080003ac                OTG_HS_WKUP_IRQHandler
                0x00000000080003ac                UsageFault_Handler
                0x00000000080003ac                CAN2_SCE_IRQHandler
                0x00000000080003ac                DMA2_Stream2_IRQHandler
                0x00000000080003ac                SPI1_IRQHandler
                0x00000000080003ac                TIM6_DAC_IRQHandler
                0x00000000080003ac                TIM1_BRK_TIM9_IRQHandler
                0x00000000080003ac                DCMI_IRQHandler
                0x00000000080003ac                CAN2_RX0_IRQHandler
                0x00000000080003ac                DMA2_Stream3_IRQHandler
                0x00000000080003ac                FMPI2C1_IRQHandler
                0x00000000080003ac                SAI2_IRQHandler
                0x00000000080003ac                USART6_IRQHandler
                0x00000000080003ac                USART3_IRQHandler
                0x00000000080003ac                CAN1_RX1_IRQHandler
                0x00000000080003ac                UART5_IRQHandler
                0x00000000080003ac                DMA2_Stream0_IRQHandler
                0x00000000080003ac                TIM4_IRQHandler
                0x00000000080003ac                I2C1_EV_IRQHandler
                0x00000000080003ac                HDMI_CEC_IRQHandler
                0x00000000080003ac                DMA1_Stream6_IRQHandler
                0x00000000080003ac                DMA1_Stream1_IRQHandler
                0x00000000080003ac                UART4_IRQHandler
                0x00000000080003ac                TIM3_IRQHandler
                0x00000000080003ac                RCC_IRQHandler
                0x00000000080003ac                TIM8_BRK_TIM12_IRQHandler
                0x00000000080003ac                Default_Handler
                0x00000000080003ac                EXTI15_10_IRQHandler
                0x00000000080003ac                ADC_IRQHandler
                0x00000000080003ac                DMA1_Stream7_IRQHandler
                0x00000000080003ac                TIM7_IRQHandler
                0x00000000080003ac                CAN2_TX_IRQHandler
                0x00000000080003ac                TIM5_IRQHandler
                0x00000000080003ac                DMA2_Stream7_IRQHandler
                0x00000000080003ac                I2C3_EV_IRQHandler
                0x00000000080003ac                EXTI9_5_IRQHandler
                0x00000000080003ac                RTC_WKUP_IRQHandler
                0x00000000080003ac                SPI2_IRQHandler
                0x00000000080003ac                OTG_HS_EP1_IN_IRQHandler
                0x00000000080003ac                MemManage_Handler
                0x00000000080003ac                DMA1_Stream0_IRQHandler
                0x00000000080003ac                CAN1_TX_IRQHandler
                0x00000000080003ac                SVC_Handler
                0x00000000080003ac                EXTI4_IRQHandler
                0x00000000080003ac                OTG_HS_EP1_OUT_IRQHandler
                0x00000000080003ac                WWDG_IRQHandler
                0x00000000080003ac                TIM2_IRQHandler
                0x00000000080003ac                OTG_FS_WKUP_IRQHandler
                0x00000000080003ac                TIM1_TRG_COM_TIM11_IRQHandler
                0x00000000080003ac                OTG_HS_IRQHandler
                0x00000000080003ac                EXTI1_IRQHandler
                0x00000000080003ac                USART2_IRQHandler
                0x00000000080003ac                I2C2_ER_IRQHandler
                0x00000000080003ac                DMA2_Stream1_IRQHandler
                0x00000000080003ac                CAN1_SCE_IRQHandler
                0x00000000080003ac                FLASH_IRQHandler
                0x00000000080003ac                DMA2_Stream4_IRQHandler
                0x00000000080003ac                BusFault_Handler
                0x00000000080003ac                USART1_IRQHandler
                0x00000000080003ac                OTG_FS_IRQHandler
                0x00000000080003ac                SPI3_IRQHandler
                0x00000000080003ac                DMA1_Stream4_IRQHandler
                0x00000000080003ac                I2C1_ER_IRQHandler
                0x00000000080003ac                FMC_IRQHandler
                0x00000000080003ac                DMA2_Stream6_IRQHandler
                0x00000000080003ac                SAI1_IRQHandler
                0x00000000080003ac                DMA1_Stream3_IRQHandler
 *fill*         0x00000000080003ae        0x2 
 .text.GPIO_PeriClockControl
                0x00000000080003b0       0xe0 drivers/Src/stm32f446xx_gpio_driver.o
                0x00000000080003b0                GPIO_PeriClockControl
 .text.GPIO_Init
                0x0000000008000490      0x340 drivers/Src/stm32f446xx_gpio_driver.o
                0x0000000008000490                GPIO_Init
 .text.GPIO_ReadFromInputPin
                0x00000000080007d0       0x2a drivers/Src/stm32f446xx_gpio_driver.o
                0x00000000080007d0                GPIO_ReadFromInputPin
 *fill*         0x00000000080007fa        0x2 
 .text.RCC_Get2PCLKValue
                0x00000000080007fc       0xa4 drivers/Src/stm32f446xx_rcc_driver.o
                0x00000000080007fc                RCC_Get2PCLKValue
 .text.USART_PeriClockControl
                0x00000000080008a0      0x140 drivers/Src/stm32f446xx_usart_driver.o
                0x00000000080008a0                USART_PeriClockControl
 .text.USART_Init
                0x00000000080009e0       0xfe drivers/Src/stm32f446xx_usart_driver.o
                0x00000000080009e0                USART_Init
 .text.USART_SendData
                0x0000000008000ade       0x9a drivers/Src/stm32f446xx_usart_driver.o
                0x0000000008000ade                USART_SendData
 .text.USART_GetFlagStatus
                0x0000000008000b78       0x28 drivers/Src/stm32f446xx_usart_driver.o
                0x0000000008000b78                USART_GetFlagStatus
 .text.USART_PeripheralControl
                0x0000000008000ba0       0x36 drivers/Src/stm32f446xx_usart_driver.o
                0x0000000008000ba0                USART_PeripheralControl
 *fill*         0x0000000008000bd6        0x2 
 .text.USART_SetBaudRate
                0x0000000008000bd8       0xe4 drivers/Src/stm32f446xx_usart_driver.o
                0x0000000008000bd8                USART_SetBaudRate
 .text.__libc_init_array
                0x0000000008000cbc       0x48 c:/st/stm32cubeide_1.1.0/stm32cubeide/plugins/com.st.stm32cube.ide.mcu.externaltools.gnu-tools-for-stm32.7-2018-q2-update.win32_1.0.0.201904181610/tools/bin/../lib/gcc/arm-none-eabi/7.3.1/../../../../arm-none-eabi/lib/thumb/v7e-m\libc_nano.a(lib_a-init.o)
                0x0000000008000cbc                __libc_init_array
 .text.memset   0x0000000008000d04       0x10 c:/st/stm32cubeide_1.1.0/stm32cubeide/plugins/com.st.stm32cube.ide.mcu.externaltools.gnu-tools-for-stm32.7-2018-q2-update.win32_1.0.0.201904181610/tools/bin/../lib/gcc/arm-none-eabi/7.3.1/../../../../arm-none-eabi/lib/thumb/v7e-m\libc_nano.a(lib_a-memset.o)
                0x0000000008000d04                memset
 *(.glue_7)
 .glue_7        0x0000000008000d14        0x0 linker stubs
 *(.glue_7t)
 .glue_7t       0x0000000008000d14        0x0 linker stubs
 *(.eh_frame)
 .eh_frame      0x0000000008000d14        0x0 c:/st/stm32cubeide_1.1.0/stm32cubeide/plugins/com.st.stm32cube.ide.mcu.externaltools.gnu-tools-for-stm32.7-2018-q2-update.win32_1.0.0.201904181610/tools/bin/../lib/gcc/arm-none-eabi/7.3.1/thumb/v7e-m/crtbegin.o
 *(.init)
 .init          0x0000000008000d14        0x4 c:/st/stm32cubeide_1.1.0/stm32cubeide/plugins/com.st.stm32cube.ide.mcu.externaltools.gnu-tools-for-stm32.7-2018-q2-update.win32_1.0.0.201904181610/tools/bin/../lib/gcc/arm-none-eabi/7.3.1/thumb/v7e-m/crti.o
                0x0000000008000d14                _init
 .init          0x0000000008000d18        0x8 c:/st/stm32cubeide_1.1.0/stm32cubeide/plugins/com.st.stm32cube.ide.mcu.externaltools.gnu-tools-for-stm32.7-2018-q2-update.win32_1.0.0.201904181610/tools/bin/../lib/gcc/arm-none-eabi/7.3.1/thumb/v7e-m/crtn.o
 *(.fini)
 .fini          0x0000000008000d20        0x4 c:/st/stm32cubeide_1.1.0/stm32cubeide/plugins/com.st.stm32cube.ide.mcu.externaltools.gnu-tools-for-stm32.7-2018-q2-update.win32_1.0.0.201904181610/tools/bin/../lib/gcc/arm-none-eabi/7.3.1/thumb/v7e-m/crti.o
                0x0000000008000d20                _fini
 .fini          0x0000000008000d24        0x8 c:/st/stm32cubeide_1.1.0/stm32cubeide/plugins/com.st.stm32cube.ide.mcu.externaltools.gnu-tools-for-stm32.7-2018-q2-update.win32_1.0.0.201904181610/tools/bin/../lib/gcc/arm-none-eabi/7.3.1/thumb/v7e-m/crtn.o
                0x0000000008000d2c                . = ALIGN (0x4)
                0x0000000008000d2c                _etext = .

.vfp11_veneer   0x0000000008000d2c        0x0
 .vfp11_veneer  0x0000000008000d2c        0x0 linker stubs

.v4_bx          0x0000000008000d2c        0x0
 .v4_bx         0x0000000008000d2c        0x0 linker stubs

.iplt           0x0000000008000d2c        0x0
 .iplt          0x0000000008000d2c        0x0 c:/st/stm32cubeide_1.1.0/stm32cubeide/plugins/com.st.stm32cube.ide.mcu.externaltools.gnu-tools-for-stm32.7-2018-q2-update.win32_1.0.0.201904181610/tools/bin/../lib/gcc/arm-none-eabi/7.3.1/thumb/v7e-m/crtbegin.o

.rel.dyn        0x0000000008000d2c        0x0
 .rel.iplt      0x0000000008000d2c        0x0 c:/st/stm32cubeide_1.1.0/stm32cubeide/plugins/com.st.stm32cube.ide.mcu.externaltools.gnu-tools-for-stm32.7-2018-q2-update.win32_1.0.0.201904181610/tools/bin/../lib/gcc/arm-none-eabi/7.3.1/thumb/v7e-m/crtbegin.o

.rodata         0x0000000008000d2c        0x0
                0x0000000008000d2c                . = ALIGN (0x4)
 *(.rodata)
 *(.rodata*)
                0x0000000008000d2c                . = ALIGN (0x4)

.ARM.extab      0x0000000008000d2c        0x0
                0x0000000008000d2c                . = ALIGN (0x4)
 *(.ARM.extab* .gnu.linkonce.armextab.*)
                0x0000000008000d2c                . = ALIGN (0x4)

.ARM            0x0000000008000d2c        0x0
                0x0000000008000d2c                . = ALIGN (0x4)
                0x0000000008000d2c                __exidx_start = .
 *(.ARM.exidx*)
                0x0000000008000d2c                __exidx_end = .
                0x0000000008000d2c                . = ALIGN (0x4)

.preinit_array  0x0000000008000d2c        0x0
                0x0000000008000d2c                . = ALIGN (0x4)
                0x0000000008000d2c                PROVIDE (__preinit_array_start = .)
 *(.preinit_array*)
                0x0000000008000d2c                PROVIDE (__preinit_array_end = .)
                0x0000000008000d2c                . = ALIGN (0x4)

.init_array     0x0000000008000d2c        0x4
                0x0000000008000d2c                . = ALIGN (0x4)
                0x0000000008000d2c                PROVIDE (__init_array_start = .)
 *(SORT_BY_NAME(.init_array.*))
 *(.init_array*)
 .init_array    0x0000000008000d2c        0x4 c:/st/stm32cubeide_1.1.0/stm32cubeide/plugins/com.st.stm32cube.ide.mcu.externaltools.gnu-tools-for-stm32.7-2018-q2-update.win32_1.0.0.201904181610/tools/bin/../lib/gcc/arm-none-eabi/7.3.1/thumb/v7e-m/crtbegin.o
                0x0000000008000d30                PROVIDE (__init_array_end = .)
                0x0000000008000d30                . = ALIGN (0x4)

.fini_array     0x0000000008000d30        0x4
                0x0000000008000d30                . = ALIGN (0x4)
                [!provide]                        PROVIDE (__fini_array_start = .)
 *(SORT_BY_NAME(.fini_array.*))
 *(.fini_array*)
 .fini_array    0x0000000008000d30        0x4 c:/st/stm32cubeide_1.1.0/stm32cubeide/plugins/com.st.stm32cube.ide.mcu.externaltools.gnu-tools-for-stm32.7-2018-q2-update.win32_1.0.0.201904181610/tools/bin/../lib/gcc/arm-none-eabi/7.3.1/thumb/v7e-m/crtbegin.o
                [!provide]                        PROVIDE (__fini_array_end = .)
                0x0000000008000d34                . = ALIGN (0x4)
                0x0000000008000d34                _sidata = LOADADDR (.data)

.data           0x0000000020000000      0x414 load address 0x0000000008000d34
                0x0000000020000000                . = ALIGN (0x4)
                0x0000000020000000                _sdata = .
 *(.data)
 *(.data*)
 .data.msg      0x0000000020000000      0x400 Src/usartTransmitterToArduinoSlave.o
                0x0000000020000000                msg
 .data.AHB_PreScaler
                0x0000000020000400       0x10 drivers/Src/stm32f446xx_rcc_driver.o
                0x0000000020000400                AHB_PreScaler
 .data.APB1_PreScaler
                0x0000000020000410        0x4 drivers/Src/stm32f446xx_rcc_driver.o
                0x0000000020000410                APB1_PreScaler
                0x0000000020000414                . = ALIGN (0x4)
                0x0000000020000414                _edata = .

.igot.plt       0x0000000020000414        0x0 load address 0x0000000008001148
 .igot.plt      0x0000000020000414        0x0 c:/st/stm32cubeide_1.1.0/stm32cubeide/plugins/com.st.stm32cube.ide.mcu.externaltools.gnu-tools-for-stm32.7-2018-q2-update.win32_1.0.0.201904181610/tools/bin/../lib/gcc/arm-none-eabi/7.3.1/thumb/v7e-m/crtbegin.o
                0x0000000020000414                . = ALIGN (0x4)

.bss            0x0000000020000414       0x40 load address 0x0000000008001148
                0x0000000020000414                _sbss = .
                0x0000000020000414                __bss_start__ = _sbss
 *(.bss)
 .bss           0x0000000020000414       0x1c c:/st/stm32cubeide_1.1.0/stm32cubeide/plugins/com.st.stm32cube.ide.mcu.externaltools.gnu-tools-for-stm32.7-2018-q2-update.win32_1.0.0.201904181610/tools/bin/../lib/gcc/arm-none-eabi/7.3.1/thumb/v7e-m/crtbegin.o
 *(.bss*)
 *(COMMON)
 COMMON         0x0000000020000430       0x24 Src/usartTransmitterToArduinoSlave.o
                0x0000000020000430                USART2Handle
                0x0000000020000454                . = ALIGN (0x4)
                0x0000000020000454                _ebss = .
                0x0000000020000454                __bss_end__ = _ebss

._user_heap_stack
                0x0000000020000454      0x604 load address 0x0000000008001148
                0x0000000020000458                . = ALIGN (0x8)
 *fill*         0x0000000020000454        0x4 
                [!provide]                        PROVIDE (end = .)
                [!provide]                        PROVIDE (_end = .)
                0x0000000020000658                . = (. + _Min_Heap_Size)
 *fill*         0x0000000020000458      0x200 
                0x0000000020000a58                . = (. + _Min_Stack_Size)
 *fill*         0x0000000020000658      0x400 
                0x0000000020000a58                . = ALIGN (0x8)

/DISCARD/
 libc.a(*)
 libm.a(*)
 libgcc.a(*)

.ARM.attributes
                0x0000000000000000       0x2a
 *(.ARM.attributes)
 .ARM.attributes
                0x0000000000000000       0x1e c:/st/stm32cubeide_1.1.0/stm32cubeide/plugins/com.st.stm32cube.ide.mcu.externaltools.gnu-tools-for-stm32.7-2018-q2-update.win32_1.0.0.201904181610/tools/bin/../lib/gcc/arm-none-eabi/7.3.1/thumb/v7e-m/crti.o
 .ARM.attributes
                0x000000000000001e       0x2e c:/st/stm32cubeide_1.1.0/stm32cubeide/plugins/com.st.stm32cube.ide.mcu.externaltools.gnu-tools-for-stm32.7-2018-q2-update.win32_1.0.0.201904181610/tools/bin/../lib/gcc/arm-none-eabi/7.3.1/thumb/v7e-m/crtbegin.o
 .ARM.attributes
                0x000000000000004c       0x33 Src/usartTransmitterToArduinoSlave.o
 .ARM.attributes
                0x000000000000007f       0x21 Startup/startup_stm32f446retx.o
 .ARM.attributes
                0x00000000000000a0       0x33 drivers/Src/stm32f446xx_gpio_driver.o
 .ARM.attributes
                0x00000000000000d3       0x33 drivers/Src/stm32f446xx_rcc_driver.o
 .ARM.attributes
                0x0000000000000106       0x33 drivers/Src/stm32f446xx_usart_driver.o
 .ARM.attributes
                0x0000000000000139       0x2e c:/st/stm32cubeide_1.1.0/stm32cubeide/plugins/com.st.stm32cube.ide.mcu.externaltools.gnu-tools-for-stm32.7-2018-q2-update.win32_1.0.0.201904181610/tools/bin/../lib/gcc/arm-none-eabi/7.3.1/../../../../arm-none-eabi/lib/thumb/v7e-m\libc_nano.a(lib_a-init.o)
 .ARM.attributes
                0x0000000000000167       0x2e c:/st/stm32cubeide_1.1.0/stm32cubeide/plugins/com.st.stm32cube.ide.mcu.externaltools.gnu-tools-for-stm32.7-2018-q2-update.win32_1.0.0.201904181610/tools/bin/../lib/gcc/arm-none-eabi/7.3.1/../../../../arm-none-eabi/lib/thumb/v7e-m\libc_nano.a(lib_a-memset.o)
 .ARM.attributes
                0x0000000000000195       0x17 c:/st/stm32cubeide_1.1.0/stm32cubeide/plugins/com.st.stm32cube.ide.mcu.externaltools.gnu-tools-for-stm32.7-2018-q2-update.win32_1.0.0.201904181610/tools/bin/../lib/gcc/arm-none-eabi/7.3.1/../../../../arm-none-eabi/lib/thumb/v7e-m\libc_nano.a(lib_a-strlen.o)
 .ARM.attributes
                0x00000000000001ac       0x1e c:/st/stm32cubeide_1.1.0/stm32cubeide/plugins/com.st.stm32cube.ide.mcu.externaltools.gnu-tools-for-stm32.7-2018-q2-update.win32_1.0.0.201904181610/tools/bin/../lib/gcc/arm-none-eabi/7.3.1/thumb/v7e-m/crtn.o
OUTPUT(Stm32f446xx_driver.elf elf32-littlearm)

.debug_info     0x0000000000000000     0x366f
 .debug_info    0x0000000000000000      0xbe8 Src/usartTransmitterToArduinoSlave.o
 .debug_info    0x0000000000000be8       0x22 Startup/startup_stm32f446retx.o
 .debug_info    0x0000000000000c0a      0xf46 drivers/Src/stm32f446xx_gpio_driver.o
 .debug_info    0x0000000000001b50      0xb45 drivers/Src/stm32f446xx_rcc_driver.o
 .debug_info    0x0000000000002695      0xfda drivers/Src/stm32f446xx_usart_driver.o

.debug_abbrev   0x0000000000000000      0x80c
 .debug_abbrev  0x0000000000000000      0x208 Src/usartTransmitterToArduinoSlave.o
 .debug_abbrev  0x0000000000000208       0x12 Startup/startup_stm32f446retx.o
 .debug_abbrev  0x000000000000021a      0x224 drivers/Src/stm32f446xx_gpio_driver.o
 .debug_abbrev  0x000000000000043e      0x18c drivers/Src/stm32f446xx_rcc_driver.o
 .debug_abbrev  0x00000000000005ca      0x242 drivers/Src/stm32f446xx_usart_driver.o

.debug_aranges  0x0000000000000000      0x188
 .debug_aranges
                0x0000000000000000       0x40 Src/usartTransmitterToArduinoSlave.o
 .debug_aranges
                0x0000000000000040       0x28 Startup/startup_stm32f446retx.o
 .debug_aranges
                0x0000000000000068       0x70 drivers/Src/stm32f446xx_gpio_driver.o
 .debug_aranges
                0x00000000000000d8       0x20 drivers/Src/stm32f446xx_rcc_driver.o
 .debug_aranges
                0x00000000000000f8       0x90 drivers/Src/stm32f446xx_usart_driver.o

.debug_ranges   0x0000000000000000      0x140
 .debug_ranges  0x0000000000000000       0x30 Src/usartTransmitterToArduinoSlave.o
 .debug_ranges  0x0000000000000030       0x20 Startup/startup_stm32f446retx.o
 .debug_ranges  0x0000000000000050       0x60 drivers/Src/stm32f446xx_gpio_driver.o
 .debug_ranges  0x00000000000000b0       0x10 drivers/Src/stm32f446xx_rcc_driver.o
 .debug_ranges  0x00000000000000c0       0x80 drivers/Src/stm32f446xx_usart_driver.o

.debug_macro    0x0000000000000000     0x2bb9
 .debug_macro   0x0000000000000000      0x217 Src/usartTransmitterToArduinoSlave.o
 .debug_macro   0x0000000000000217      0xa48 Src/usartTransmitterToArduinoSlave.o
 .debug_macro   0x0000000000000c5f       0x22 Src/usartTransmitterToArduinoSlave.o
 .debug_macro   0x0000000000000c81       0x40 Src/usartTransmitterToArduinoSlave.o
 .debug_macro   0x0000000000000cc1       0x18 Src/usartTransmitterToArduinoSlave.o
 .debug_macro   0x0000000000000cd9       0x94 Src/usartTransmitterToArduinoSlave.o
 .debug_macro   0x0000000000000d6d       0x3c Src/usartTransmitterToArduinoSlave.o
 .debug_macro   0x0000000000000da9       0x34 Src/usartTransmitterToArduinoSlave.o
 .debug_macro   0x0000000000000ddd      0x174 Src/usartTransmitterToArduinoSlave.o
 .debug_macro   0x0000000000000f51       0x57 Src/usartTransmitterToArduinoSlave.o
 .debug_macro   0x0000000000000fa8       0x52 Src/usartTransmitterToArduinoSlave.o
 .debug_macro   0x0000000000000ffa       0x1f Src/usartTransmitterToArduinoSlave.o
 .debug_macro   0x0000000000001019       0x43 Src/usartTransmitterToArduinoSlave.o
 .debug_macro   0x000000000000105c       0x20 Src/usartTransmitterToArduinoSlave.o
 .debug_macro   0x000000000000107c      0x1a3 Src/usartTransmitterToArduinoSlave.o
 .debug_macro   0x000000000000121f      0x330 Src/usartTransmitterToArduinoSlave.o
 .debug_macro   0x000000000000154f       0x10 Src/usartTransmitterToArduinoSlave.o
 .debug_macro   0x000000000000155f       0x35 Src/usartTransmitterToArduinoSlave.o
 .debug_macro   0x0000000000001594       0x20 Src/usartTransmitterToArduinoSlave.o
 .debug_macro   0x00000000000015b4       0xef Src/usartTransmitterToArduinoSlave.o
 .debug_macro   0x00000000000016a3       0x6a Src/usartTransmitterToArduinoSlave.o
 .debug_macro   0x000000000000170d      0x1df Src/usartTransmitterToArduinoSlave.o
 .debug_macro   0x00000000000018ec       0x1c Src/usartTransmitterToArduinoSlave.o
 .debug_macro   0x0000000000001908       0x10 Src/usartTransmitterToArduinoSlave.o
 .debug_macro   0x0000000000001918       0x10 Src/usartTransmitterToArduinoSlave.o
 .debug_macro   0x0000000000001928       0x1c Src/usartTransmitterToArduinoSlave.o
 .debug_macro   0x0000000000001944       0x52 Src/usartTransmitterToArduinoSlave.o
 .debug_macro   0x0000000000001996       0x40 Src/usartTransmitterToArduinoSlave.o
 .debug_macro   0x00000000000019d6       0x10 Src/usartTransmitterToArduinoSlave.o
 .debug_macro   0x00000000000019e6       0x40 Src/usartTransmitterToArduinoSlave.o
 .debug_macro   0x0000000000001a26       0xd7 Src/usartTransmitterToArduinoSlave.o
 .debug_macro   0x0000000000001afd       0x1c Src/usartTransmitterToArduinoSlave.o
 .debug_macro   0x0000000000001b19       0x3d Src/usartTransmitterToArduinoSlave.o
 .debug_macro   0x0000000000001b56       0x16 Src/usartTransmitterToArduinoSlave.o
 .debug_macro   0x0000000000001b6c      0x145 Src/usartTransmitterToArduinoSlave.o
 .debug_macro   0x0000000000001cb1      0x46d Src/usartTransmitterToArduinoSlave.o
 .debug_macro   0x000000000000211e      0x221 Src/usartTransmitterToArduinoSlave.o
 .debug_macro   0x000000000000233f       0xd0 Src/usartTransmitterToArduinoSlave.o
 .debug_macro   0x000000000000240f      0x1e0 drivers/Src/stm32f446xx_gpio_driver.o
 .debug_macro   0x00000000000025ef       0x8e drivers/Src/stm32f446xx_gpio_driver.o
 .debug_macro   0x000000000000267d       0x51 drivers/Src/stm32f446xx_gpio_driver.o
 .debug_macro   0x00000000000026ce       0x46 drivers/Src/stm32f446xx_gpio_driver.o
 .debug_macro   0x0000000000002714       0x16 drivers/Src/stm32f446xx_gpio_driver.o
 .debug_macro   0x000000000000272a       0xca drivers/Src/stm32f446xx_gpio_driver.o
 .debug_macro   0x00000000000027f4      0x1db drivers/Src/stm32f446xx_rcc_driver.o
 .debug_macro   0x00000000000029cf      0x1ea drivers/Src/stm32f446xx_usart_driver.o

.debug_line     0x0000000000000000     0x1d15
 .debug_line    0x0000000000000000      0x6b2 Src/usartTransmitterToArduinoSlave.o
 .debug_line    0x00000000000006b2       0x84 Startup/startup_stm32f446retx.o
 .debug_line    0x0000000000000736      0x7ac drivers/Src/stm32f446xx_gpio_driver.o
 .debug_line    0x0000000000000ee2      0x5fb drivers/Src/stm32f446xx_rcc_driver.o
 .debug_line    0x00000000000014dd      0x838 drivers/Src/stm32f446xx_usart_driver.o

.debug_str      0x0000000000000000     0xaa47
 .debug_str     0x0000000000000000     0xa4b3 Src/usartTransmitterToArduinoSlave.o
                                       0xa70a (size before relaxing)
 .debug_str     0x000000000000a4b3       0x31 Startup/startup_stm32f446retx.o
                                         0x70 (size before relaxing)
 .debug_str     0x000000000000a4e4      0x2f3 drivers/Src/stm32f446xx_gpio_driver.o
                                       0xa151 (size before relaxing)
 .debug_str     0x000000000000a7d7       0xbd drivers/Src/stm32f446xx_rcc_driver.o
                                       0x9d19 (size before relaxing)
 .debug_str     0x000000000000a894      0x1b3 drivers/Src/stm32f446xx_usart_driver.o
                                       0xa64f (size before relaxing)

.comment        0x0000000000000000       0x7b
 .comment       0x0000000000000000       0x7b Src/usartTransmitterToArduinoSlave.o
                                         0x7c (size before relaxing)
 .comment       0x000000000000007b       0x7c drivers/Src/stm32f446xx_gpio_driver.o
 .comment       0x000000000000007b       0x7c drivers/Src/stm32f446xx_rcc_driver.o
 .comment       0x000000000000007b       0x7c drivers/Src/stm32f446xx_usart_driver.o

.debug_frame    0x0000000000000000      0x55c
 .debug_frame   0x0000000000000000       0xb8 Src/usartTransmitterToArduinoSlave.o
 .debug_frame   0x00000000000000b8      0x1c8 drivers/Src/stm32f446xx_gpio_driver.o
 .debug_frame   0x0000000000000280       0x38 drivers/Src/stm32f446xx_rcc_driver.o
 .debug_frame   0x00000000000002b8      0x258 drivers/Src/stm32f446xx_usart_driver.o
 .debug_frame   0x0000000000000510       0x2c c:/st/stm32cubeide_1.1.0/stm32cubeide/plugins/com.st.stm32cube.ide.mcu.externaltools.gnu-tools-for-stm32.7-2018-q2-update.win32_1.0.0.201904181610/tools/bin/../lib/gcc/arm-none-eabi/7.3.1/../../../../arm-none-eabi/lib/thumb/v7e-m\libc_nano.a(lib_a-init.o)
 .debug_frame   0x000000000000053c       0x20 c:/st/stm32cubeide_1.1.0/stm32cubeide/plugins/com.st.stm32cube.ide.mcu.externaltools.gnu-tools-for-stm32.7-2018-q2-update.win32_1.0.0.201904181610/tools/bin/../lib/gcc/arm-none-eabi/7.3.1/../../../../arm-none-eabi/lib/thumb/v7e-m\libc_nano.a(lib_a-memset.o)
